<?xml version="1.0"?>
<link_info>
   <banner>TI ARM Linker PC v16.9.6.LTS</banner>
   <copyright>Copyright (c) 1996-2017 Texas Instruments Incorporated</copyright>
   <link_time>0x5a8fad92</link_time>
   <link_errors>0x0</link_errors>
   <output_file>int_sw.out</output_file>
   <entry_point>
      <name>_c_int00</name>
      <address>0x2000882d</address>
   </entry_point>
   <input_file_list>
      <input_file id="fl-2">
         <path>.\</path>
         <kind>object</kind>
         <file>Adafruit_GFX.obj</file>
         <name>Adafruit_GFX.obj</name>
      </input_file>
      <input_file id="fl-3">
         <path>.\</path>
         <kind>object</kind>
         <file>Adafruit_OLED.obj</file>
         <name>Adafruit_OLED.obj</name>
      </input_file>
      <input_file id="fl-4">
         <path>.\</path>
         <kind>object</kind>
         <file>main.obj</file>
         <name>main.obj</name>
      </input_file>
      <input_file id="fl-5">
         <path>.\</path>
         <kind>object</kind>
         <file>pin_mux_config.obj</file>
         <name>pin_mux_config.obj</name>
      </input_file>
      <input_file id="fl-6">
         <path>.\</path>
         <kind>object</kind>
         <file>startup_ccs.obj</file>
         <name>startup_ccs.obj</name>
      </input_file>
      <input_file id="fl-7">
         <path>.\</path>
         <kind>object</kind>
         <file>test.obj</file>
         <name>test.obj</name>
      </input_file>
      <input_file id="fl-8">
         <path>.\</path>
         <kind>object</kind>
         <file>timer_if.obj</file>
         <name>timer_if.obj</name>
      </input_file>
      <input_file id="fl-9">
         <path>.\</path>
         <kind>object</kind>
         <file>uart_if.obj</file>
         <name>uart_if.obj</name>
      </input_file>
      <input_file id="fl-e">
         <kind>object</kind>
         <file>&lt;internal&gt;</file>
         <name>&lt;internal&gt;</name>
      </input_file>
      <input_file id="fl-c4">
         <path>C:\ti\ccsv7\tools\compiler\ti-cgt-arm_16.9.6.LTS\lib\</path>
         <kind>archive</kind>
         <file>rtsv7M4_T_le_eabi.lib</file>
         <name>boot.obj</name>
      </input_file>
      <input_file id="fl-c5">
         <path>C:\ti\ccsv7\tools\compiler\ti-cgt-arm_16.9.6.LTS\lib\</path>
         <kind>archive</kind>
         <file>rtsv7M4_T_le_eabi.lib</file>
         <name>copy_decompress_lzss.obj</name>
      </input_file>
      <input_file id="fl-c6">
         <path>C:\ti\ccsv7\tools\compiler\ti-cgt-arm_16.9.6.LTS\lib\</path>
         <kind>archive</kind>
         <file>rtsv7M4_T_le_eabi.lib</file>
         <name>copy_decompress_none.obj</name>
      </input_file>
      <input_file id="fl-c7">
         <path>C:\ti\ccsv7\tools\compiler\ti-cgt-arm_16.9.6.LTS\lib\</path>
         <kind>archive</kind>
         <file>rtsv7M4_T_le_eabi.lib</file>
         <name>copy_zero_init.obj</name>
      </input_file>
      <input_file id="fl-c8">
         <path>C:\ti\ccsv7\tools\compiler\ti-cgt-arm_16.9.6.LTS\lib\</path>
         <kind>archive</kind>
         <file>rtsv7M4_T_le_eabi.lib</file>
         <name>exit.obj</name>
      </input_file>
      <input_file id="fl-c9">
         <path>C:\ti\ccsv7\tools\compiler\ti-cgt-arm_16.9.6.LTS\lib\</path>
         <kind>archive</kind>
         <file>rtsv7M4_T_le_eabi.lib</file>
         <name>memcpy_t2.obj</name>
      </input_file>
      <input_file id="fl-ca">
         <path>C:\ti\ccsv7\tools\compiler\ti-cgt-arm_16.9.6.LTS\lib\</path>
         <kind>archive</kind>
         <file>rtsv7M4_T_le_eabi.lib</file>
         <name>memmov.obj</name>
      </input_file>
      <input_file id="fl-cb">
         <path>C:\ti\ccsv7\tools\compiler\ti-cgt-arm_16.9.6.LTS\lib\</path>
         <kind>archive</kind>
         <file>rtsv7M4_T_le_eabi.lib</file>
         <name>memory.obj</name>
      </input_file>
      <input_file id="fl-cc">
         <path>C:\ti\ccsv7\tools\compiler\ti-cgt-arm_16.9.6.LTS\lib\</path>
         <kind>archive</kind>
         <file>rtsv7M4_T_le_eabi.lib</file>
         <name>memset_t2.obj</name>
      </input_file>
      <input_file id="fl-cd">
         <path>C:\ti\ccsv7\tools\compiler\ti-cgt-arm_16.9.6.LTS\lib\</path>
         <kind>archive</kind>
         <file>rtsv7M4_T_le_eabi.lib</file>
         <name>mpu_init.obj</name>
      </input_file>
      <input_file id="fl-ce">
         <path>C:\ti\ccsv7\tools\compiler\ti-cgt-arm_16.9.6.LTS\lib\</path>
         <kind>archive</kind>
         <file>rtsv7M4_T_le_eabi.lib</file>
         <name>pre_init.obj</name>
      </input_file>
      <input_file id="fl-cf">
         <path>C:\ti\ccsv7\tools\compiler\ti-cgt-arm_16.9.6.LTS\lib\</path>
         <kind>archive</kind>
         <file>rtsv7M4_T_le_eabi.lib</file>
         <name>printf.obj</name>
      </input_file>
      <input_file id="fl-d0">
         <path>C:\ti\ccsv7\tools\compiler\ti-cgt-arm_16.9.6.LTS\lib\</path>
         <kind>archive</kind>
         <file>rtsv7M4_T_le_eabi.lib</file>
         <name>stkdepth_vars.obj</name>
      </input_file>
      <input_file id="fl-d1">
         <path>C:\ti\ccsv7\tools\compiler\ti-cgt-arm_16.9.6.LTS\lib\</path>
         <kind>archive</kind>
         <file>rtsv7M4_T_le_eabi.lib</file>
         <name>strlen.obj</name>
      </input_file>
      <input_file id="fl-d2">
         <path>C:\ti\ccsv7\tools\compiler\ti-cgt-arm_16.9.6.LTS\lib\</path>
         <kind>archive</kind>
         <file>rtsv7M4_T_le_eabi.lib</file>
         <name>vsnprintf.obj</name>
      </input_file>
      <input_file id="fl-d3">
         <path>C:\ti\ccsv7\tools\compiler\ti-cgt-arm_16.9.6.LTS\lib\</path>
         <kind>archive</kind>
         <file>rtsv7M4_T_le_eabi.lib</file>
         <name>_lock.obj</name>
      </input_file>
      <input_file id="fl-d4">
         <path>C:\ti\ccsv7\tools\compiler\ti-cgt-arm_16.9.6.LTS\lib\</path>
         <kind>archive</kind>
         <file>rtsv7M4_T_le_eabi.lib</file>
         <name>_printfi.obj</name>
      </input_file>
      <input_file id="fl-d5">
         <path>C:\ti\ccsv7\tools\compiler\ti-cgt-arm_16.9.6.LTS\lib\</path>
         <kind>archive</kind>
         <file>rtsv7M4_T_le_eabi.lib</file>
         <name>args_main.obj</name>
      </input_file>
      <input_file id="fl-d6">
         <path>C:\ti\ccsv7\tools\compiler\ti-cgt-arm_16.9.6.LTS\lib\</path>
         <kind>archive</kind>
         <file>rtsv7M4_T_le_eabi.lib</file>
         <name>atoi.obj</name>
      </input_file>
      <input_file id="fl-d7">
         <path>C:\ti\ccsv7\tools\compiler\ti-cgt-arm_16.9.6.LTS\lib\</path>
         <kind>archive</kind>
         <file>rtsv7M4_T_le_eabi.lib</file>
         <name>autoinit.obj</name>
      </input_file>
      <input_file id="fl-d8">
         <path>C:\ti\ccsv7\tools\compiler\ti-cgt-arm_16.9.6.LTS\lib\</path>
         <kind>archive</kind>
         <file>rtsv7M4_T_le_eabi.lib</file>
         <name>cpy_tbl.obj</name>
      </input_file>
      <input_file id="fl-d9">
         <path>C:\ti\ccsv7\tools\compiler\ti-cgt-arm_16.9.6.LTS\lib\</path>
         <kind>archive</kind>
         <file>rtsv7M4_T_le_eabi.lib</file>
         <name>ctype.obj</name>
      </input_file>
      <input_file id="fl-da">
         <path>C:\ti\ccsv7\tools\compiler\ti-cgt-arm_16.9.6.LTS\lib\</path>
         <kind>archive</kind>
         <file>rtsv7M4_T_le_eabi.lib</file>
         <name>defs.obj</name>
      </input_file>
      <input_file id="fl-db">
         <path>C:\ti\ccsv7\tools\compiler\ti-cgt-arm_16.9.6.LTS\lib\</path>
         <kind>archive</kind>
         <file>rtsv7M4_T_le_eabi.lib</file>
         <name>fd_add_t2.obj</name>
      </input_file>
      <input_file id="fl-dc">
         <path>C:\ti\ccsv7\tools\compiler\ti-cgt-arm_16.9.6.LTS\lib\</path>
         <kind>archive</kind>
         <file>rtsv7M4_T_le_eabi.lib</file>
         <name>fd_cmp_t2.obj</name>
      </input_file>
      <input_file id="fl-dd">
         <path>C:\ti\ccsv7\tools\compiler\ti-cgt-arm_16.9.6.LTS\lib\</path>
         <kind>archive</kind>
         <file>rtsv7M4_T_le_eabi.lib</file>
         <name>fd_div_t2.obj</name>
      </input_file>
      <input_file id="fl-de">
         <path>C:\ti\ccsv7\tools\compiler\ti-cgt-arm_16.9.6.LTS\lib\</path>
         <kind>archive</kind>
         <file>rtsv7M4_T_le_eabi.lib</file>
         <name>fd_mul_t2.obj</name>
      </input_file>
      <input_file id="fl-df">
         <path>C:\ti\ccsv7\tools\compiler\ti-cgt-arm_16.9.6.LTS\lib\</path>
         <kind>archive</kind>
         <file>rtsv7M4_T_le_eabi.lib</file>
         <name>fd_toi_t2.obj</name>
      </input_file>
      <input_file id="fl-e0">
         <path>C:\ti\ccsv7\tools\compiler\ti-cgt-arm_16.9.6.LTS\lib\</path>
         <kind>archive</kind>
         <file>rtsv7M4_T_le_eabi.lib</file>
         <name>fputc.obj</name>
      </input_file>
      <input_file id="fl-e1">
         <path>C:\ti\ccsv7\tools\compiler\ti-cgt-arm_16.9.6.LTS\lib\</path>
         <kind>archive</kind>
         <file>rtsv7M4_T_le_eabi.lib</file>
         <name>fputs.obj</name>
      </input_file>
      <input_file id="fl-e2">
         <path>C:\ti\ccsv7\tools\compiler\ti-cgt-arm_16.9.6.LTS\lib\</path>
         <kind>archive</kind>
         <file>rtsv7M4_T_le_eabi.lib</file>
         <name>i_tofd_t2.obj</name>
      </input_file>
      <input_file id="fl-e3">
         <path>C:\ti\ccsv7\tools\compiler\ti-cgt-arm_16.9.6.LTS\lib\</path>
         <kind>archive</kind>
         <file>rtsv7M4_T_le_eabi.lib</file>
         <name>ltoa.obj</name>
      </input_file>
      <input_file id="fl-e4">
         <path>C:\ti\ccsv7\tools\compiler\ti-cgt-arm_16.9.6.LTS\lib\</path>
         <kind>archive</kind>
         <file>rtsv7M4_T_le_eabi.lib</file>
         <name>memccpy.obj</name>
      </input_file>
      <input_file id="fl-e5">
         <path>C:\ti\ccsv7\tools\compiler\ti-cgt-arm_16.9.6.LTS\lib\</path>
         <kind>archive</kind>
         <file>rtsv7M4_T_le_eabi.lib</file>
         <name>memchr.obj</name>
      </input_file>
      <input_file id="fl-e6">
         <path>C:\ti\ccsv7\tools\compiler\ti-cgt-arm_16.9.6.LTS\lib\</path>
         <kind>archive</kind>
         <file>rtsv7M4_T_le_eabi.lib</file>
         <name>s_frexp.obj</name>
      </input_file>
      <input_file id="fl-e7">
         <path>C:\ti\ccsv7\tools\compiler\ti-cgt-arm_16.9.6.LTS\lib\</path>
         <kind>archive</kind>
         <file>rtsv7M4_T_le_eabi.lib</file>
         <name>s_scalbn.obj</name>
      </input_file>
      <input_file id="fl-e8">
         <path>C:\ti\ccsv7\tools\compiler\ti-cgt-arm_16.9.6.LTS\lib\</path>
         <kind>archive</kind>
         <file>rtsv7M4_T_le_eabi.lib</file>
         <name>startup.obj</name>
      </input_file>
      <input_file id="fl-e9">
         <path>C:\ti\ccsv7\tools\compiler\ti-cgt-arm_16.9.6.LTS\lib\</path>
         <kind>archive</kind>
         <file>rtsv7M4_T_le_eabi.lib</file>
         <name>strchr.obj</name>
      </input_file>
      <input_file id="fl-ea">
         <path>C:\ti\ccsv7\tools\compiler\ti-cgt-arm_16.9.6.LTS\lib\</path>
         <kind>archive</kind>
         <file>rtsv7M4_T_le_eabi.lib</file>
         <name>ull_div_t2.obj</name>
      </input_file>
      <input_file id="fl-eb">
         <path>C:\ti\ccsv7\tools\compiler\ti-cgt-arm_16.9.6.LTS\lib\</path>
         <kind>archive</kind>
         <file>rtsv7M4_T_le_eabi.lib</file>
         <name>write.obj</name>
      </input_file>
      <input_file id="fl-ec">
         <path>C:\ti\ccsv7\tools\compiler\ti-cgt-arm_16.9.6.LTS\lib\</path>
         <kind>archive</kind>
         <file>rtsv7M4_T_le_eabi.lib</file>
         <name>_io_perm.obj</name>
      </input_file>
      <input_file id="fl-ed">
         <path>C:\ti\ccsv7\tools\compiler\ti-cgt-arm_16.9.6.LTS\lib\</path>
         <kind>archive</kind>
         <file>rtsv7M4_T_le_eabi.lib</file>
         <name>errno.obj</name>
      </input_file>
      <input_file id="fl-ee">
         <path>C:\ti\ccsv7\tools\compiler\ti-cgt-arm_16.9.6.LTS\lib\</path>
         <kind>archive</kind>
         <file>rtsv7M4_T_le_eabi.lib</file>
         <name>fflush.obj</name>
      </input_file>
      <input_file id="fl-ef">
         <path>C:\ti\ccsv7\tools\compiler\ti-cgt-arm_16.9.6.LTS\lib\</path>
         <kind>archive</kind>
         <file>rtsv7M4_T_le_eabi.lib</file>
         <name>fseek.obj</name>
      </input_file>
      <input_file id="fl-f0">
         <path>C:\ti\ccsv7\tools\compiler\ti-cgt-arm_16.9.6.LTS\lib\</path>
         <kind>archive</kind>
         <file>rtsv7M4_T_le_eabi.lib</file>
         <name>hostclose.obj</name>
      </input_file>
      <input_file id="fl-f1">
         <path>C:\ti\ccsv7\tools\compiler\ti-cgt-arm_16.9.6.LTS\lib\</path>
         <kind>archive</kind>
         <file>rtsv7M4_T_le_eabi.lib</file>
         <name>hostlseek.obj</name>
      </input_file>
      <input_file id="fl-f2">
         <path>C:\ti\ccsv7\tools\compiler\ti-cgt-arm_16.9.6.LTS\lib\</path>
         <kind>archive</kind>
         <file>rtsv7M4_T_le_eabi.lib</file>
         <name>hostopen.obj</name>
      </input_file>
      <input_file id="fl-f3">
         <path>C:\ti\ccsv7\tools\compiler\ti-cgt-arm_16.9.6.LTS\lib\</path>
         <kind>archive</kind>
         <file>rtsv7M4_T_le_eabi.lib</file>
         <name>hostread.obj</name>
      </input_file>
      <input_file id="fl-f4">
         <path>C:\ti\ccsv7\tools\compiler\ti-cgt-arm_16.9.6.LTS\lib\</path>
         <kind>archive</kind>
         <file>rtsv7M4_T_le_eabi.lib</file>
         <name>hostrename.obj</name>
      </input_file>
      <input_file id="fl-f5">
         <path>C:\ti\ccsv7\tools\compiler\ti-cgt-arm_16.9.6.LTS\lib\</path>
         <kind>archive</kind>
         <file>rtsv7M4_T_le_eabi.lib</file>
         <name>hostunlink.obj</name>
      </input_file>
      <input_file id="fl-f6">
         <path>C:\ti\ccsv7\tools\compiler\ti-cgt-arm_16.9.6.LTS\lib\</path>
         <kind>archive</kind>
         <file>rtsv7M4_T_le_eabi.lib</file>
         <name>hostwrite.obj</name>
      </input_file>
      <input_file id="fl-f7">
         <path>C:\ti\ccsv7\tools\compiler\ti-cgt-arm_16.9.6.LTS\lib\</path>
         <kind>archive</kind>
         <file>rtsv7M4_T_le_eabi.lib</file>
         <name>lseek.obj</name>
      </input_file>
      <input_file id="fl-f8">
         <path>C:\ti\ccsv7\tools\compiler\ti-cgt-arm_16.9.6.LTS\lib\</path>
         <kind>archive</kind>
         <file>rtsv7M4_T_le_eabi.lib</file>
         <name>s_copysign.obj</name>
      </input_file>
      <input_file id="fl-f9">
         <path>C:\ti\ccsv7\tools\compiler\ti-cgt-arm_16.9.6.LTS\lib\</path>
         <kind>archive</kind>
         <file>rtsv7M4_T_le_eabi.lib</file>
         <name>setvbuf.obj</name>
      </input_file>
      <input_file id="fl-fa">
         <path>C:\ti\ccsv7\tools\compiler\ti-cgt-arm_16.9.6.LTS\lib\</path>
         <kind>archive</kind>
         <file>rtsv7M4_T_le_eabi.lib</file>
         <name>strcpy.obj</name>
      </input_file>
      <input_file id="fl-fb">
         <path>C:\ti\ccsv7\tools\compiler\ti-cgt-arm_16.9.6.LTS\lib\</path>
         <kind>archive</kind>
         <file>rtsv7M4_T_le_eabi.lib</file>
         <name>trgmsg.obj</name>
      </input_file>
      <input_file id="fl-fc">
         <path>C:\ti\ccsv7\tools\compiler\ti-cgt-arm_16.9.6.LTS\lib\</path>
         <kind>archive</kind>
         <file>rtsv7M4_T_le_eabi.lib</file>
         <name>fopen.obj</name>
      </input_file>
      <input_file id="fl-fd">
         <path>C:\ti\ccsv7\tools\compiler\ti-cgt-arm_16.9.6.LTS\lib\</path>
         <kind>archive</kind>
         <file>rtsv7M4_T_le_eabi.lib</file>
         <name>open.obj</name>
      </input_file>
      <input_file id="fl-fe">
         <path>C:\ti\ccsv7\tools\compiler\ti-cgt-arm_16.9.6.LTS\lib\</path>
         <kind>archive</kind>
         <file>rtsv7M4_T_le_eabi.lib</file>
         <name>fclose.obj</name>
      </input_file>
      <input_file id="fl-ff">
         <path>C:\ti\ccsv7\tools\compiler\ti-cgt-arm_16.9.6.LTS\lib\</path>
         <kind>archive</kind>
         <file>rtsv7M4_T_le_eabi.lib</file>
         <name>getdevice.obj</name>
      </input_file>
      <input_file id="fl-100">
         <path>C:\ti\ccsv7\tools\compiler\ti-cgt-arm_16.9.6.LTS\lib\</path>
         <kind>archive</kind>
         <file>rtsv7M4_T_le_eabi.lib</file>
         <name>remove.obj</name>
      </input_file>
      <input_file id="fl-101">
         <path>C:\ti\ccsv7\tools\compiler\ti-cgt-arm_16.9.6.LTS\lib\</path>
         <kind>archive</kind>
         <file>rtsv7M4_T_le_eabi.lib</file>
         <name>strcmp.obj</name>
      </input_file>
      <input_file id="fl-102">
         <path>C:\ti\ccsv7\tools\compiler\ti-cgt-arm_16.9.6.LTS\lib\</path>
         <kind>archive</kind>
         <file>rtsv7M4_T_le_eabi.lib</file>
         <name>strncpy.obj</name>
      </input_file>
      <input_file id="fl-103">
         <path>C:\ti\ccsv7\tools\compiler\ti-cgt-arm_16.9.6.LTS\lib\</path>
         <kind>archive</kind>
         <file>rtsv7M4_T_le_eabi.lib</file>
         <name>unlink.obj</name>
      </input_file>
      <input_file id="fl-104">
         <path>C:\ti\ccsv7\tools\compiler\ti-cgt-arm_16.9.6.LTS\lib\</path>
         <kind>archive</kind>
         <file>rtsv7M4_T_le_eabi.lib</file>
         <name>close.obj</name>
      </input_file>
      <input_file id="fl-105">
         <path>C:\ti\CC3200SDK_1.3.0\cc3200-sdk\driverlib\ccs\Release\</path>
         <kind>archive</kind>
         <file>driverlib.a</file>
         <name>gpio.obj</name>
      </input_file>
      <input_file id="fl-106">
         <path>C:\ti\CC3200SDK_1.3.0\cc3200-sdk\driverlib\ccs\Release\</path>
         <kind>archive</kind>
         <file>driverlib.a</file>
         <name>interrupt.obj</name>
      </input_file>
      <input_file id="fl-107">
         <path>C:\ti\CC3200SDK_1.3.0\cc3200-sdk\driverlib\ccs\Release\</path>
         <kind>archive</kind>
         <file>driverlib.a</file>
         <name>pin.obj</name>
      </input_file>
      <input_file id="fl-108">
         <path>C:\ti\CC3200SDK_1.3.0\cc3200-sdk\driverlib\ccs\Release\</path>
         <kind>archive</kind>
         <file>driverlib.a</file>
         <name>prcm.obj</name>
      </input_file>
      <input_file id="fl-109">
         <path>C:\ti\CC3200SDK_1.3.0\cc3200-sdk\driverlib\ccs\Release\</path>
         <kind>archive</kind>
         <file>driverlib.a</file>
         <name>spi.obj</name>
      </input_file>
      <input_file id="fl-10a">
         <path>C:\ti\CC3200SDK_1.3.0\cc3200-sdk\driverlib\ccs\Release\</path>
         <kind>archive</kind>
         <file>driverlib.a</file>
         <name>systick.obj</name>
      </input_file>
      <input_file id="fl-10b">
         <path>C:\ti\CC3200SDK_1.3.0\cc3200-sdk\driverlib\ccs\Release\</path>
         <kind>archive</kind>
         <file>driverlib.a</file>
         <name>timer.obj</name>
      </input_file>
      <input_file id="fl-10c">
         <path>C:\ti\CC3200SDK_1.3.0\cc3200-sdk\driverlib\ccs\Release\</path>
         <kind>archive</kind>
         <file>driverlib.a</file>
         <name>uart.obj</name>
      </input_file>
      <input_file id="fl-10d">
         <path>C:\ti\CC3200SDK_1.3.0\cc3200-sdk\driverlib\ccs\Release\</path>
         <kind>archive</kind>
         <file>driverlib.a</file>
         <name>utils.obj</name>
      </input_file>
      <input_file id="fl-10e">
         <path>C:\ti\CC3200SDK_1.3.0\cc3200-sdk\driverlib\ccs\Release\</path>
         <kind>archive</kind>
         <file>driverlib.a</file>
         <name>cpu.obj</name>
      </input_file>
      <input_file id="fl-10f">
         <path>C:\ti\CC3200SDK_1.3.0\cc3200-sdk\driverlib\ccs\Release\</path>
         <kind>archive</kind>
         <file>driverlib.a</file>
         <name>flash.obj</name>
      </input_file>
   </input_file_list>
   <object_component_list>
      <object_component id="oc-f">
         <name>.intvecs</name>
         <load_address>0x20004000</load_address>
         <run_address>0x20004000</run_address>
         <size>0x400</size>
         <input_file_ref idref="fl-6"/>
      </object_component>
      <object_component id="oc-29a">
         <name>.text</name>
         <load_address>0x20004400</load_address>
         <run_address>0x20004400</run_address>
         <size>0x1122</size>
         <input_file_ref idref="fl-d4"/>
      </object_component>
      <object_component id="oc-59">
         <name>.text</name>
         <load_address>0x20005522</load_address>
         <run_address>0x20005522</run_address>
         <size>0x2</size>
         <input_file_ref idref="fl-cd"/>
      </object_component>
      <object_component id="oc-a8">
         <name>.text</name>
         <load_address>0x20005524</load_address>
         <run_address>0x20005524</run_address>
         <size>0xa30</size>
         <input_file_ref idref="fl-4"/>
      </object_component>
      <object_component id="oc-1b6">
         <name>.text</name>
         <load_address>0x20005f54</load_address>
         <run_address>0x20005f54</run_address>
         <size>0x476</size>
         <input_file_ref idref="fl-3"/>
      </object_component>
      <object_component id="oc-a0">
         <name>.text</name>
         <load_address>0x200063ca</load_address>
         <run_address>0x200063ca</run_address>
         <size>0x2</size>
         <input_file_ref idref="fl-e8"/>
      </object_component>
      <object_component id="oc-258">
         <name>.text</name>
         <load_address>0x200063cc</load_address>
         <run_address>0x200063cc</run_address>
         <size>0x3d0</size>
         <input_file_ref idref="fl-cb"/>
      </object_component>
      <object_component id="oc-11a">
         <name>.text</name>
         <load_address>0x2000679c</load_address>
         <run_address>0x2000679c</run_address>
         <size>0x280</size>
         <input_file_ref idref="fl-9"/>
      </object_component>
      <object_component id="oc-330">
         <name>.text</name>
         <load_address>0x20006a1c</load_address>
         <run_address>0x20006a1c</run_address>
         <size>0x1f4</size>
         <input_file_ref idref="fl-ea"/>
      </object_component>
      <object_component id="oc-410">
         <name>.text</name>
         <load_address>0x20006c10</load_address>
         <run_address>0x20006c10</run_address>
         <size>0x1c4</size>
         <input_file_ref idref="fl-fc"/>
      </object_component>
      <object_component id="oc-359">
         <name>.text</name>
         <load_address>0x20006dd4</load_address>
         <run_address>0x20006dd4</run_address>
         <size>0x1b6</size>
         <input_file_ref idref="fl-db"/>
      </object_component>
      <object_component id="oc-f6">
         <name>.text:PRCMCC3200MCUInit</name>
         <load_address>0x20006f8c</load_address>
         <run_address>0x20006f8c</run_address>
         <size>0x178</size>
         <input_file_ref idref="fl-108"/>
      </object_component>
      <object_component id="oc-33f">
         <name>.text</name>
         <load_address>0x20007104</load_address>
         <run_address>0x20007104</run_address>
         <size>0x136</size>
         <input_file_ref idref="fl-dd"/>
      </object_component>
      <object_component id="oc-294">
         <name>.text</name>
         <load_address>0x2000723c</load_address>
         <run_address>0x2000723c</run_address>
         <size>0x134</size>
         <input_file_ref idref="fl-e1"/>
      </object_component>
      <object_component id="oc-1b0">
         <name>.text</name>
         <load_address>0x20007370</load_address>
         <run_address>0x20007370</run_address>
         <size>0x128</size>
         <input_file_ref idref="fl-5"/>
      </object_component>
      <object_component id="oc-33a">
         <name>.text</name>
         <load_address>0x20007498</load_address>
         <run_address>0x20007498</run_address>
         <size>0xfc</size>
         <input_file_ref idref="fl-de"/>
      </object_component>
      <object_component id="oc-3be">
         <name>.text</name>
         <load_address>0x20007594</load_address>
         <run_address>0x20007594</run_address>
         <size>0xdc</size>
         <input_file_ref idref="fl-f9"/>
      </object_component>
      <object_component id="oc-364">
         <name>.text</name>
         <load_address>0x20007670</load_address>
         <run_address>0x20007670</run_address>
         <size>0xd0</size>
         <input_file_ref idref="fl-e7"/>
      </object_component>
      <object_component id="oc-31a">
         <name>.text</name>
         <load_address>0x20007740</load_address>
         <run_address>0x20007740</run_address>
         <size>0xc8</size>
         <input_file_ref idref="fl-ee"/>
      </object_component>
      <object_component id="oc-44e">
         <name>.text</name>
         <load_address>0x20007808</load_address>
         <run_address>0x20007808</run_address>
         <size>0xbc</size>
         <input_file_ref idref="fl-fd"/>
      </object_component>
      <object_component id="oc-314">
         <name>.text</name>
         <load_address>0x200078c4</load_address>
         <run_address>0x200078c4</run_address>
         <size>0xac</size>
         <input_file_ref idref="fl-ec"/>
      </object_component>
      <object_component id="oc-f0">
         <name>.text:IntEnable</name>
         <load_address>0x20007970</load_address>
         <run_address>0x20007970</run_address>
         <size>0xa8</size>
         <input_file_ref idref="fl-106"/>
      </object_component>
      <object_component id="oc-157">
         <name>.text:SPIConfigSetExpClk</name>
         <load_address>0x20007a18</load_address>
         <run_address>0x20007a18</run_address>
         <size>0xa0</size>
         <input_file_ref idref="fl-109"/>
      </object_component>
      <object_component id="oc-41">
         <name>.text</name>
         <load_address>0x20007ab8</load_address>
         <run_address>0x20007ab8</run_address>
         <size>0x9c</size>
         <input_file_ref idref="fl-c9"/>
      </object_component>
      <object_component id="oc-454">
         <name>.text</name>
         <load_address>0x20007b54</load_address>
         <run_address>0x20007b54</run_address>
         <size>0x98</size>
         <input_file_ref idref="fl-fe"/>
      </object_component>
      <object_component id="oc-28e">
         <name>.text</name>
         <load_address>0x20007bec</load_address>
         <run_address>0x20007bec</run_address>
         <size>0x98</size>
         <input_file_ref idref="fl-e0"/>
      </object_component>
      <object_component id="oc-151">
         <name>.text:PRCMPeripheralClockGet</name>
         <load_address>0x20007c84</load_address>
         <run_address>0x20007c84</run_address>
         <size>0x94</size>
         <input_file_ref idref="fl-108"/>
      </object_component>
      <object_component id="oc-397">
         <name>.text:PinConfigSet</name>
         <load_address>0x20007d18</load_address>
         <run_address>0x20007d18</run_address>
         <size>0x88</size>
         <input_file_ref idref="fl-107"/>
      </object_component>
      <object_component id="oc-23a">
         <name>.text</name>
         <load_address>0x20007da0</load_address>
         <run_address>0x20007da0</run_address>
         <size>0x88</size>
         <input_file_ref idref="fl-d2"/>
      </object_component>
      <object_component id="oc-335">
         <name>.text:__aeabi_cdcmple</name>
         <load_address>0x20007e28</load_address>
         <run_address>0x20007e28</run_address>
         <size>0x86</size>
         <input_file_ref idref="fl-dc"/>
      </object_component>
      <object_component id="oc-344">
         <name>.text:__aeabi_cdrcmple</name>
         <load_address>0x20007eae</load_address>
         <run_address>0x20007eae</run_address>
         <size>0x86</size>
         <input_file_ref idref="fl-dc"/>
      </object_component>
      <object_component id="oc-4d">
         <name>.text</name>
         <load_address>0x20007f34</load_address>
         <run_address>0x20007f34</run_address>
         <size>0x7a</size>
         <input_file_ref idref="fl-cc"/>
      </object_component>
      <object_component id="oc-163">
         <name>.text:UARTConfigSetExpClk</name>
         <load_address>0x20007fae</load_address>
         <run_address>0x20007fae</run_address>
         <size>0x76</size>
         <input_file_ref idref="fl-10c"/>
      </object_component>
      <object_component id="oc-65">
         <name>.text</name>
         <load_address>0x20008024</load_address>
         <run_address>0x20008024</run_address>
         <size>0x70</size>
         <input_file_ref idref="fl-d7"/>
      </object_component>
      <object_component id="oc-48f">
         <name>.text</name>
         <load_address>0x20008094</load_address>
         <run_address>0x20008094</run_address>
         <size>0x70</size>
         <input_file_ref idref="fl-ff"/>
      </object_component>
      <object_component id="oc-193">
         <name>.text</name>
         <load_address>0x20008104</load_address>
         <run_address>0x20008104</run_address>
         <size>0x70</size>
         <input_file_ref idref="fl-cf"/>
      </object_component>
      <object_component id="oc-12">
         <name>.text:decompress:lzss</name>
         <load_address>0x20008174</load_address>
         <run_address>0x20008174</run_address>
         <size>0x68</size>
         <input_file_ref idref="fl-c5"/>
      </object_component>
      <object_component id="oc-477">
         <name>.text</name>
         <load_address>0x200081dc</load_address>
         <run_address>0x200081dc</run_address>
         <size>0x68</size>
         <input_file_ref idref="fl-f1"/>
      </object_component>
      <object_component id="oc-483">
         <name>.text</name>
         <load_address>0x20008244</load_address>
         <run_address>0x20008244</run_address>
         <size>0x68</size>
         <input_file_ref idref="fl-f4"/>
      </object_component>
      <object_component id="oc-4a9">
         <name>.text</name>
         <load_address>0x200082ac</load_address>
         <run_address>0x200082ac</run_address>
         <size>0x68</size>
         <input_file_ref idref="fl-fb"/>
      </object_component>
      <object_component id="oc-3b8">
         <name>.text</name>
         <load_address>0x20008314</load_address>
         <run_address>0x20008314</run_address>
         <size>0x64</size>
         <input_file_ref idref="fl-ef"/>
      </object_component>
      <object_component id="oc-45f">
         <name>.text</name>
         <load_address>0x20008378</load_address>
         <run_address>0x20008378</run_address>
         <size>0x60</size>
         <input_file_ref idref="fl-f2"/>
      </object_component>
      <object_component id="oc-498">
         <name>.text</name>
         <load_address>0x200083d8</load_address>
         <run_address>0x200083d8</run_address>
         <size>0x5c</size>
         <input_file_ref idref="fl-104"/>
      </object_component>
      <object_component id="oc-35e">
         <name>.text</name>
         <load_address>0x20008434</load_address>
         <run_address>0x20008434</run_address>
         <size>0x5c</size>
         <input_file_ref idref="fl-e6"/>
      </object_component>
      <object_component id="oc-221">
         <name>.text:PRCMPeripheralReset</name>
         <load_address>0x20008490</load_address>
         <run_address>0x20008490</run_address>
         <size>0x58</size>
         <input_file_ref idref="fl-108"/>
      </object_component>
      <object_component id="oc-46b">
         <name>.text</name>
         <load_address>0x200084e8</load_address>
         <run_address>0x200084e8</run_address>
         <size>0x58</size>
         <input_file_ref idref="fl-f3"/>
      </object_component>
      <object_component id="oc-471">
         <name>.text</name>
         <load_address>0x20008540</load_address>
         <run_address>0x20008540</run_address>
         <size>0x58</size>
         <input_file_ref idref="fl-f6"/>
      </object_component>
      <object_component id="oc-71">
         <name>.text</name>
         <load_address>0x20008598</load_address>
         <run_address>0x20008598</run_address>
         <size>0x54</size>
         <input_file_ref idref="fl-c8"/>
      </object_component>
      <object_component id="oc-34e">
         <name>.text</name>
         <load_address>0x200085ec</load_address>
         <run_address>0x200085ec</run_address>
         <size>0x54</size>
         <input_file_ref idref="fl-e3"/>
      </object_component>
      <object_component id="oc-370">
         <name>.text</name>
         <load_address>0x20008640</load_address>
         <run_address>0x20008640</run_address>
         <size>0x4c</size>
         <input_file_ref idref="fl-d6"/>
      </object_component>
      <object_component id="oc-9a">
         <name>.text</name>
         <load_address>0x2000868c</load_address>
         <run_address>0x2000868c</run_address>
         <size>0x4c</size>
         <input_file_ref idref="fl-d8"/>
      </object_component>
      <object_component id="oc-349">
         <name>.text</name>
         <load_address>0x200086d8</load_address>
         <run_address>0x200086d8</run_address>
         <size>0x48</size>
         <input_file_ref idref="fl-df"/>
      </object_component>
      <object_component id="oc-281">
         <name>.text:UARTIntNumberGet</name>
         <load_address>0x20008720</load_address>
         <run_address>0x20008720</run_address>
         <size>0x44</size>
         <input_file_ref idref="fl-10c"/>
      </object_component>
      <object_component id="oc-465">
         <name>.text</name>
         <load_address>0x20008764</load_address>
         <run_address>0x20008764</run_address>
         <size>0x44</size>
         <input_file_ref idref="fl-f0"/>
      </object_component>
      <object_component id="oc-47d">
         <name>.text</name>
         <load_address>0x200087a8</load_address>
         <run_address>0x200087a8</run_address>
         <size>0x44</size>
         <input_file_ref idref="fl-f5"/>
      </object_component>
      <object_component id="oc-2b1">
         <name>.text:PinModeSet</name>
         <load_address>0x200087ec</load_address>
         <run_address>0x200087ec</run_address>
         <size>0x40</size>
         <input_file_ref idref="fl-107"/>
      </object_component>
      <object_component id="oc-24">
         <name>.text</name>
         <load_address>0x2000882c</load_address>
         <run_address>0x2000882c</run_address>
         <size>0x40</size>
         <input_file_ref idref="fl-c4"/>
      </object_component>
      <object_component id="oc-21b">
         <name>.text:PRCMPeripheralClkEnable</name>
         <load_address>0x2000886c</load_address>
         <run_address>0x2000886c</run_address>
         <size>0x3c</size>
         <input_file_ref idref="fl-108"/>
      </object_component>
      <object_component id="oc-2bd">
         <name>.text:GPIODirModeSet</name>
         <load_address>0x200088a8</load_address>
         <run_address>0x200088a8</run_address>
         <size>0x36</size>
         <input_file_ref idref="fl-105"/>
      </object_component>
      <object_component id="oc-4cb">
         <name>.text</name>
         <load_address>0x200088de</load_address>
         <run_address>0x200088de</run_address>
         <size>0x36</size>
         <input_file_ref idref="fl-102"/>
      </object_component>
      <object_component id="oc-2b7">
         <name>.text:PinTypeGPIO</name>
         <load_address>0x20008914</load_address>
         <run_address>0x20008914</run_address>
         <size>0x30</size>
         <input_file_ref idref="fl-107"/>
      </object_component>
      <object_component id="oc-278">
         <name>.text:UARTDisable</name>
         <load_address>0x20008944</load_address>
         <run_address>0x20008944</run_address>
         <size>0x30</size>
         <input_file_ref idref="fl-10c"/>
      </object_component>
      <object_component id="oc-354">
         <name>.text</name>
         <load_address>0x20008974</load_address>
         <run_address>0x20008974</run_address>
         <size>0x2e</size>
         <input_file_ref idref="fl-e2"/>
      </object_component>
      <object_component id="oc-209">
         <name>.text:PRCMSysResetCauseGet</name>
         <load_address>0x200089a4</load_address>
         <run_address>0x200089a4</run_address>
         <size>0x2c</size>
         <input_file_ref idref="fl-108"/>
      </object_component>
      <object_component id="oc-49e">
         <name>.text</name>
         <load_address>0x200089d0</load_address>
         <run_address>0x200089d0</run_address>
         <size>0x2c</size>
         <input_file_ref idref="fl-103"/>
      </object_component>
      <object_component id="oc-227">
         <name>.text:PRCMPeripheralClkDisable</name>
         <load_address>0x200089fc</load_address>
         <run_address>0x200089fc</run_address>
         <size>0x28</size>
         <input_file_ref idref="fl-108"/>
      </object_component>
      <object_component id="oc-408">
         <name>.text</name>
         <load_address>0x20008a24</load_address>
         <run_address>0x20008a24</run_address>
         <size>0x28</size>
         <input_file_ref idref="fl-f7"/>
      </object_component>
      <object_component id="oc-320">
         <name>.text</name>
         <load_address>0x20008a4c</load_address>
         <run_address>0x20008a4c</run_address>
         <size>0x28</size>
         <input_file_ref idref="fl-eb"/>
      </object_component>
      <object_component id="oc-169">
         <name>.text:UARTEnable</name>
         <load_address>0x20008a74</load_address>
         <run_address>0x20008a74</run_address>
         <size>0x24</size>
         <input_file_ref idref="fl-10c"/>
      </object_component>
      <object_component id="oc-252">
         <name>.text</name>
         <load_address>0x20008a98</load_address>
         <run_address>0x20008a98</run_address>
         <size>0x24</size>
         <input_file_ref idref="fl-ca"/>
      </object_component>
      <object_component id="oc-145">
         <name>.text:SPIReset</name>
         <load_address>0x20008abc</load_address>
         <run_address>0x20008abc</run_address>
         <size>0x22</size>
         <input_file_ref idref="fl-109"/>
      </object_component>
      <object_component id="oc-1bd">
         <name>.text:GPIOPinWrite</name>
         <load_address>0x20008ade</load_address>
         <run_address>0x20008ade</run_address>
         <size>0x20</size>
         <input_file_ref idref="fl-105"/>
      </object_component>
      <object_component id="oc-230">
         <name>.text:IntRegister</name>
         <load_address>0x20008b00</load_address>
         <run_address>0x20008b00</run_address>
         <size>0x20</size>
         <input_file_ref idref="fl-106"/>
      </object_component>
      <object_component id="oc-18d">
         <name>.text:SPIDataGet</name>
         <load_address>0x20008b20</load_address>
         <run_address>0x20008b20</run_address>
         <size>0x20</size>
         <input_file_ref idref="fl-109"/>
      </object_component>
      <object_component id="oc-328">
         <name>.text</name>
         <load_address>0x20008b40</load_address>
         <run_address>0x20008b40</run_address>
         <size>0x20</size>
         <input_file_ref idref="fl-e5"/>
      </object_component>
      <object_component id="oc-187">
         <name>.text:SPIDataPut</name>
         <load_address>0x20008b60</load_address>
         <run_address>0x20008b60</run_address>
         <size>0x1e</size>
         <input_file_ref idref="fl-109"/>
      </object_component>
      <object_component id="oc-d8">
         <name>.text:TimerIntStatus</name>
         <load_address>0x20008b7e</load_address>
         <run_address>0x20008b7e</run_address>
         <size>0x1e</size>
         <input_file_ref idref="fl-10b"/>
      </object_component>
      <object_component id="oc-126">
         <name>.text:UARTCharPut</name>
         <load_address>0x20008b9c</load_address>
         <run_address>0x20008b9c</run_address>
         <size>0x1e</size>
         <input_file_ref idref="fl-10c"/>
      </object_component>
      <object_component id="oc-175">
         <name>.text:UARTIntRegister</name>
         <load_address>0x20008bba</load_address>
         <run_address>0x20008bba</run_address>
         <size>0x1e</size>
         <input_file_ref idref="fl-10c"/>
      </object_component>
      <object_component id="oc-133">
         <name>.text:UARTIntStatus</name>
         <load_address>0x20008bd8</load_address>
         <run_address>0x20008bd8</run_address>
         <size>0x1e</size>
         <input_file_ref idref="fl-10c"/>
      </object_component>
      <object_component id="oc-108">
         <name>.text:SysTickIntRegister</name>
         <load_address>0x20008bf8</load_address>
         <run_address>0x20008bf8</run_address>
         <size>0x1c</size>
         <input_file_ref idref="fl-10a"/>
      </object_component>
      <object_component id="oc-246">
         <name>.text:UARTCharGetNonBlocking</name>
         <load_address>0x20008c14</load_address>
         <run_address>0x20008c14</run_address>
         <size>0x1c</size>
         <input_file_ref idref="fl-10c"/>
      </object_component>
      <object_component id="oc-376">
         <name>.text</name>
         <load_address>0x20008c30</load_address>
         <run_address>0x20008c30</run_address>
         <size>0x1c</size>
         <input_file_ref idref="fl-e4"/>
      </object_component>
      <object_component id="oc-2c3">
         <name>.text:PinTypeSPI</name>
         <load_address>0x20008c4c</load_address>
         <run_address>0x20008c4c</run_address>
         <size>0x1a</size>
         <input_file_ref idref="fl-107"/>
      </object_component>
      <object_component id="oc-2c9">
         <name>.text:PinTypeUART</name>
         <load_address>0x20008c66</load_address>
         <run_address>0x20008c66</run_address>
         <size>0x1a</size>
         <input_file_ref idref="fl-107"/>
      </object_component>
      <object_component id="oc-14b">
         <name>.text:SPIFIFOEnable</name>
         <load_address>0x20008c80</load_address>
         <run_address>0x20008c80</run_address>
         <size>0x1a</size>
         <input_file_ref idref="fl-109"/>
      </object_component>
      <object_component id="oc-199">
         <name>.text:SPICSDisable</name>
         <load_address>0x20008c9a</load_address>
         <run_address>0x20008c9a</run_address>
         <size>0x18</size>
         <input_file_ref idref="fl-109"/>
      </object_component>
      <object_component id="oc-181">
         <name>.text:SPICSEnable</name>
         <load_address>0x20008cb2</load_address>
         <run_address>0x20008cb2</run_address>
         <size>0x18</size>
         <input_file_ref idref="fl-109"/>
      </object_component>
      <object_component id="oc-15d">
         <name>.text:SPIEnable</name>
         <load_address>0x20008cca</load_address>
         <run_address>0x20008cca</run_address>
         <size>0x18</size>
         <input_file_ref idref="fl-109"/>
      </object_component>
      <object_component id="oc-102">
         <name>.text:SysTickPeriodSet</name>
         <load_address>0x20008ce4</load_address>
         <run_address>0x20008ce4</run_address>
         <size>0x18</size>
         <input_file_ref idref="fl-10a"/>
      </object_component>
      <object_component id="oc-240">
         <name>.text:UARTCharsAvail</name>
         <load_address>0x20008cfc</load_address>
         <run_address>0x20008cfc</run_address>
         <size>0x18</size>
         <input_file_ref idref="fl-10c"/>
      </object_component>
      <object_component id="oc-120">
         <name>.text:UARTIntDisable</name>
         <load_address>0x20008d14</load_address>
         <run_address>0x20008d14</run_address>
         <size>0x18</size>
         <input_file_ref idref="fl-10c"/>
      </object_component>
      <object_component id="oc-12d">
         <name>.text:UARTIntEnable</name>
         <load_address>0x20008d2c</load_address>
         <run_address>0x20008d2c</run_address>
         <size>0x18</size>
         <input_file_ref idref="fl-10c"/>
      </object_component>
      <object_component id="oc-6b">
         <name>.text</name>
         <load_address>0x20008d44</load_address>
         <run_address>0x20008d44</run_address>
         <size>0x18</size>
         <input_file_ref idref="fl-d5"/>
      </object_component>
      <object_component id="oc-4c5">
         <name>.text</name>
         <load_address>0x20008d5c</load_address>
         <run_address>0x20008d5c</run_address>
         <size>0x18</size>
         <input_file_ref idref="fl-101"/>
      </object_component>
      <object_component id="oc-20f">
         <name>.text:PRCMHIBRegRead</name>
         <load_address>0x20008d74</load_address>
         <run_address>0x20008d74</run_address>
         <size>0x16</size>
         <input_file_ref idref="fl-108"/>
      </object_component>
      <object_component id="oc-215">
         <name>.text:PRCMHIBRegWrite</name>
         <load_address>0x20008d8a</load_address>
         <run_address>0x20008d8a</run_address>
         <size>0x16</size>
         <input_file_ref idref="fl-108"/>
      </object_component>
      <object_component id="oc-13f">
         <name>.text:UARTCharGet</name>
         <load_address>0x20008da0</load_address>
         <run_address>0x20008da0</run_address>
         <size>0x16</size>
         <input_file_ref idref="fl-10c"/>
      </object_component>
      <object_component id="oc-16f">
         <name>.text:UARTFIFODisable</name>
         <load_address>0x20008db6</load_address>
         <run_address>0x20008db6</run_address>
         <size>0x16</size>
         <input_file_ref idref="fl-10c"/>
      </object_component>
      <object_component id="oc-17b">
         <name>.text:UARTFIFOEnable</name>
         <load_address>0x20008dcc</load_address>
         <run_address>0x20008dcc</run_address>
         <size>0x16</size>
         <input_file_ref idref="fl-10c"/>
      </object_component>
      <object_component id="oc-36a">
         <name>.text</name>
         <load_address>0x20008de2</load_address>
         <run_address>0x20008de2</run_address>
         <size>0x16</size>
         <input_file_ref idref="fl-e9"/>
      </object_component>
      <object_component id="oc-1fe">
         <name>.text:CPUcpsie</name>
         <load_address>0x20008df8</load_address>
         <run_address>0x20008df8</run_address>
         <size>0x14</size>
         <input_file_ref idref="fl-10e"/>
      </object_component>
      <object_component id="oc-e4">
         <name>.text:IntVTableBaseSet</name>
         <load_address>0x20008e0c</load_address>
         <run_address>0x20008e0c</run_address>
         <size>0x14</size>
         <input_file_ref idref="fl-106"/>
      </object_component>
      <object_component id="oc-1de">
         <name>.text</name>
         <load_address>0x20008e20</load_address>
         <run_address>0x20008e20</run_address>
         <size>0x14</size>
         <input_file_ref idref="fl-d3"/>
      </object_component>
      <object_component id="oc-4bd">
         <name>.text</name>
         <load_address>0x20008e34</load_address>
         <run_address>0x20008e34</run_address>
         <size>0x14</size>
         <input_file_ref idref="fl-fa"/>
      </object_component>
      <object_component id="oc-24c">
         <name>.text</name>
         <load_address>0x20008e48</load_address>
         <run_address>0x20008e48</run_address>
         <size>0x14</size>
         <input_file_ref idref="fl-d1"/>
      </object_component>
      <object_component id="oc-de">
         <name>.text:TimerIntClear</name>
         <load_address>0x20008e5c</load_address>
         <run_address>0x20008e5c</run_address>
         <size>0x12</size>
         <input_file_ref idref="fl-10b"/>
      </object_component>
      <object_component id="oc-139">
         <name>.text:UARTIntClear</name>
         <load_address>0x20008e6e</load_address>
         <run_address>0x20008e6e</run_address>
         <size>0x12</size>
         <input_file_ref idref="fl-10c"/>
      </object_component>
      <object_component id="oc-1c3">
         <name>.text:SysTickDisable</name>
         <load_address>0x20008e80</load_address>
         <run_address>0x20008e80</run_address>
         <size>0x10</size>
         <input_file_ref idref="fl-10a"/>
      </object_component>
      <object_component id="oc-114">
         <name>.text:SysTickEnable</name>
         <load_address>0x20008e90</load_address>
         <run_address>0x20008e90</run_address>
         <size>0x10</size>
         <input_file_ref idref="fl-10a"/>
      </object_component>
      <object_component id="oc-fc">
         <name>.text:SysTickIntDisable</name>
         <load_address>0x20008ea0</load_address>
         <run_address>0x20008ea0</run_address>
         <size>0x10</size>
         <input_file_ref idref="fl-10a"/>
      </object_component>
      <object_component id="oc-10e">
         <name>.text:SysTickIntEnable</name>
         <load_address>0x20008eb0</load_address>
         <run_address>0x20008eb0</run_address>
         <size>0x10</size>
         <input_file_ref idref="fl-10a"/>
      </object_component>
      <object_component id="oc-18">
         <name>.text:decompress:none</name>
         <load_address>0x20008ec0</load_address>
         <run_address>0x20008ec0</run_address>
         <size>0xe</size>
         <input_file_ref idref="fl-c6"/>
      </object_component>
      <object_component id="oc-2d">
         <name>.text</name>
         <load_address>0x20008ece</load_address>
         <run_address>0x20008ece</run_address>
         <size>0xe</size>
         <input_file_ref idref="fl-6"/>
      </object_component>
      <object_component id="oc-1e">
         <name>.text:decompress:ZI</name>
         <load_address>0x20008edc</load_address>
         <run_address>0x20008edc</run_address>
         <size>0xc</size>
         <input_file_ref idref="fl-c7"/>
      </object_component>
      <object_component id="oc-ea">
         <name>.text:IntMasterEnable</name>
         <load_address>0x20008ee8</load_address>
         <run_address>0x20008ee8</run_address>
         <size>0xa</size>
         <input_file_ref idref="fl-106"/>
      </object_component>
      <object_component id="oc-3e7">
         <name>.text</name>
         <load_address>0x20008ef2</load_address>
         <run_address>0x20008ef2</run_address>
         <size>0x8</size>
         <input_file_ref idref="fl-f8"/>
      </object_component>
      <object_component id="oc-12c">
         <name>.text:UtilsDelay</name>
         <load_address>0x20008efa</load_address>
         <run_address>0x20008efa</run_address>
         <size>0x6</size>
         <input_file_ref idref="fl-10d"/>
      </object_component>
      <object_component id="oc-5f">
         <name>.text</name>
         <load_address>0x20008f00</load_address>
         <run_address>0x20008f00</run_address>
         <size>0x4</size>
         <input_file_ref idref="fl-ce"/>
      </object_component>
      <object_component id="oc-3f4">
         <name>.const:.string:_ctypes_</name>
         <load_address>0x20008f04</load_address>
         <run_address>0x20008f04</run_address>
         <size>0x101</size>
         <input_file_ref idref="fl-d9"/>
      </object_component>
      <object_component id="oc-393">
         <name>.const:g_ulPinToPadMap</name>
         <load_address>0x20009008</load_address>
         <run_address>0x20009008</run_address>
         <size>0x100</size>
         <input_file_ref idref="fl-107"/>
      </object_component>
      <object_component id="oc-2e7">
         <name>.const:PRCM_PeriphRegsList</name>
         <load_address>0x20009108</load_address>
         <run_address>0x20009108</run_address>
         <size>0xa8</size>
         <input_file_ref idref="fl-108"/>
      </object_component>
      <object_component id="oc-205">
         <name>.const</name>
         <load_address>0x200091b0</load_address>
         <run_address>0x200091b0</run_address>
         <size>0x80</size>
         <input_file_ref idref="fl-106"/>
      </object_component>
      <object_component id="oc-1ac">
         <name>.const:$P$T0$1</name>
         <load_address>0x20009230</load_address>
         <run_address>0x20009230</run_address>
         <size>0x10</size>
         <input_file_ref idref="fl-4"/>
      </object_component>
      <object_component id="oc-30c">
         <name>.const</name>
         <load_address>0x20009240</load_address>
         <run_address>0x20009240</run_address>
         <size>0x10</size>
         <input_file_ref idref="fl-10c"/>
      </object_component>
      <object_component id="oc-52a">
         <name>.cinit..data.load</name>
         <load_address>0x20009250</load_address>
         <run_address>0x20009250</run_address>
         <size>0xa9</size>
      </object_component>
      <object_component id="oc-528">
         <name>__TI_handler_table</name>
         <load_address>0x200092fc</load_address>
         <run_address>0x200092fc</run_address>
         <size>0xc</size>
      </object_component>
      <object_component id="oc-52b">
         <name>.cinit..bss.load</name>
         <load_address>0x20009308</load_address>
         <run_address>0x20009308</run_address>
         <size>0x8</size>
      </object_component>
      <object_component id="oc-529">
         <name>__TI_cinit_table</name>
         <load_address>0x20009310</load_address>
         <run_address>0x20009310</run_address>
         <size>0x10</size>
      </object_component>
      <object_component id="oc-1d1">
         <name>.data:coeff</name>
         <load_address>0x2001e2f8</load_address>
         <run_address>0x2001e2f8</run_address>
         <size>0x20</size>
         <input_file_ref idref="fl-4"/>
      </object_component>
      <object_component id="oc-1a9">
         <name>.data</name>
         <load_address>0x2001e340</load_address>
         <run_address>0x2001e340</run_address>
         <size>0xc</size>
         <input_file_ref idref="fl-4"/>
      </object_component>
      <object_component id="oc-1ca">
         <name>.data:adc</name>
         <load_address>0x2001e354</load_address>
         <run_address>0x2001e354</run_address>
         <size>0x8</size>
         <input_file_ref idref="fl-4"/>
      </object_component>
      <object_component id="oc-b0">
         <name>.data:$O1$$</name>
         <load_address>0x2001e328</load_address>
         <run_address>0x2001e328</run_address>
         <size>0xc</size>
         <input_file_ref idref="fl-c8"/>
      </object_component>
      <object_component id="oc-303">
         <name>.data:$O1$$</name>
         <load_address>0x2001e334</load_address>
         <run_address>0x2001e334</run_address>
         <size>0xc</size>
         <input_file_ref idref="fl-cb"/>
      </object_component>
      <object_component id="oc-77">
         <name>.data</name>
         <load_address>0x2001e368</load_address>
         <run_address>0x2001e368</run_address>
         <size>0x4</size>
         <input_file_ref idref="fl-d0"/>
      </object_component>
      <object_component id="oc-b3">
         <name>.data:$O1$$</name>
         <load_address>0x2001e34c</load_address>
         <run_address>0x2001e34c</run_address>
         <size>0x8</size>
         <input_file_ref idref="fl-d3"/>
      </object_component>
      <object_component id="oc-2a0">
         <name>.data:_ftable</name>
         <load_address>0x2001e140</load_address>
         <run_address>0x2001e140</run_address>
         <size>0xf0</size>
         <input_file_ref idref="fl-da"/>
      </object_component>
      <object_component id="oc-3c6">
         <name>.data</name>
         <load_address>0x2001e318</load_address>
         <run_address>0x2001e318</run_address>
         <size>0x10</size>
         <input_file_ref idref="fl-da"/>
      </object_component>
      <object_component id="oc-423">
         <name>.data:_device</name>
         <load_address>0x2001e230</load_address>
         <run_address>0x2001e230</run_address>
         <size>0x78</size>
         <input_file_ref idref="fl-eb"/>
      </object_component>
      <object_component id="oc-3cb">
         <name>.data:_stream</name>
         <load_address>0x2001e2a8</load_address>
         <run_address>0x2001e2a8</run_address>
         <size>0x50</size>
         <input_file_ref idref="fl-eb"/>
      </object_component>
      <object_component id="oc-3ed">
         <name>.data</name>
         <load_address>0x2001e35c</load_address>
         <run_address>0x2001e35c</run_address>
         <size>0x4</size>
         <input_file_ref idref="fl-ed"/>
      </object_component>
      <object_component id="oc-45a">
         <name>.data</name>
         <load_address>0x2001e360</load_address>
         <run_address>0x2001e360</run_address>
         <size>0x4</size>
         <input_file_ref idref="fl-fc"/>
      </object_component>
      <object_component id="oc-495">
         <name>.data</name>
         <load_address>0x2001e364</load_address>
         <run_address>0x2001e364</run_address>
         <size>0x4</size>
         <input_file_ref idref="fl-fd"/>
      </object_component>
      <object_component id="oc-25e">
         <name>.bss</name>
         <uninitialized>true</uninitialized>
         <run_address>0x2001d910</run_address>
         <size>0x4</size>
         <input_file_ref idref="fl-9"/>
      </object_component>
      <object_component id="oc-4db">
         <name>.bss:_CIOBUF_</name>
         <uninitialized>true</uninitialized>
         <run_address>0x2001d668</run_address>
         <size>0x120</size>
         <input_file_ref idref="fl-fb"/>
      </object_component>
      <object_component id="oc-1a7">
         <name>.common:receiverBuffer</name>
         <uninitialized>true</uninitialized>
         <run_address>0x2001d8a8</run_address>
         <size>0x40</size>
      </object_component>
      <object_component id="oc-1d0">
         <name>.common:pressedButtons</name>
         <uninitialized>true</uninitialized>
         <run_address>0x2001d828</run_address>
         <size>0x40</size>
      </object_component>
      <object_component id="oc-1a6">
         <name>.common:readBuffer</name>
         <uninitialized>true</uninitialized>
         <run_address>0x2001d868</run_address>
         <size>0x40</size>
      </object_component>
      <object_component id="oc-19f">
         <name>.common:_time</name>
         <uninitialized>true</uninitialized>
         <run_address>0x2001d918</run_address>
         <size>0x4</size>
      </object_component>
      <object_component id="oc-1a2">
         <name>.common:_readTime</name>
         <uninitialized>true</uninitialized>
         <run_address>0x2001d914</run_address>
         <size>0x4</size>
      </object_component>
      <object_component id="oc-1a8">
         <name>.common:receiverLineNumber</name>
         <uninitialized>true</uninitialized>
         <run_address>0x2001d934</run_address>
         <size>0x4</size>
      </object_component>
      <object_component id="oc-1cd">
         <name>.common:delFlag</name>
         <uninitialized>true</uninitialized>
         <run_address>0x2001d924</run_address>
         <size>0x4</size>
      </object_component>
      <object_component id="oc-1a5">
         <name>.common:charRead</name>
         <uninitialized>true</uninitialized>
         <run_address>0x2001d920</run_address>
         <size>0x4</size>
      </object_component>
      <object_component id="oc-1a3">
         <name>.common:sysTickFlag</name>
         <uninitialized>true</uninitialized>
         <run_address>0x2001d938</run_address>
         <size>0x4</size>
      </object_component>
      <object_component id="oc-1bc">
         <name>.common:goertzelsFlag</name>
         <uninitialized>true</uninitialized>
         <run_address>0x2001d92c</run_address>
         <size>0x4</size>
      </object_component>
      <object_component id="oc-1af">
         <name>.common:new_dig</name>
         <uninitialized>true</uninitialized>
         <run_address>0x2001d930</run_address>
         <size>0x4</size>
      </object_component>
      <object_component id="oc-1ce">
         <name>.common:bPressed</name>
         <uninitialized>true</uninitialized>
         <run_address>0x2001d91c</run_address>
         <size>0x4</size>
      </object_component>
      <object_component id="oc-1cf">
         <name>.common:fPressed</name>
         <uninitialized>true</uninitialized>
         <run_address>0x2001d928</run_address>
         <size>0x4</size>
      </object_component>
      <object_component id="oc-1c9">
         <name>.common:power_all</name>
         <uninitialized>true</uninitialized>
         <run_address>0x2001d8e8</run_address>
         <size>0x20</size>
      </object_component>
      <object_component id="oc-1a4">
         <name>.common:buffer</name>
         <uninitialized>true</uninitialized>
         <run_address>0x2001d000</run_address>
         <size>0x668</size>
      </object_component>
      <object_component id="oc-4a4">
         <name>.common:__TI_tmpnams</name>
         <uninitialized>true</uninitialized>
         <run_address>0x2001d788</run_address>
         <size>0xa0</size>
      </object_component>
      <object_component id="oc-4af">
         <name>.common:parmbuf</name>
         <uninitialized>true</uninitialized>
         <run_address>0x2001d908</run_address>
         <size>0x8</size>
      </object_component>
      <object_component id="oc-2a">
         <name>.sysmem</name>
         <uninitialized>true</uninitialized>
         <run_address>0x2001d940</run_address>
         <size>0x8</size>
         <input_file_ref idref="fl-cb"/>
      </object_component>
      <object_component id="oc-52d">
         <name>.sysmem</name>
         <uninitialized>true</uninitialized>
         <run_address>0x2001d940</run_address>
         <size>0x0</size>
      </object_component>
      <object_component id="oc-29">
         <name>.stack</name>
         <uninitialized>true</uninitialized>
         <run_address>0x2003f800</run_address>
         <size>0x0</size>
         <input_file_ref idref="fl-c4"/>
      </object_component>
      <object_component id="oc-52c">
         <name>.stack</name>
         <uninitialized>true</uninitialized>
         <run_address>0x2003f800</run_address>
         <size>0x0</size>
      </object_component>
      <object_component id="oc-3c">
         <name>.debug_info</name>
         <load_address>0x0</load_address>
         <run_address>0x0</run_address>
         <size>0x84</size>
         <input_file_ref idref="fl-2"/>
      </object_component>
      <object_component id="oc-2d1">
         <name>.debug_info</name>
         <load_address>0x84</load_address>
         <run_address>0x84</run_address>
         <size>0x212</size>
         <input_file_ref idref="fl-3"/>
      </object_component>
      <object_component id="oc-1b7">
         <name>.debug_info</name>
         <load_address>0x296</load_address>
         <run_address>0x296</run_address>
         <size>0xe0c</size>
         <input_file_ref idref="fl-3"/>
      </object_component>
      <object_component id="oc-3a9">
         <name>.debug_info</name>
         <load_address>0x10a2</load_address>
         <run_address>0x10a2</run_address>
         <size>0x62</size>
         <input_file_ref idref="fl-3"/>
      </object_component>
      <object_component id="oc-1f7">
         <name>.debug_info</name>
         <load_address>0x1104</load_address>
         <run_address>0x1104</run_address>
         <size>0x2c</size>
         <input_file_ref idref="fl-3"/>
      </object_component>
      <object_component id="oc-91">
         <name>.debug_info</name>
         <load_address>0x1130</load_address>
         <run_address>0x1130</run_address>
         <size>0x2c</size>
         <input_file_ref idref="fl-3"/>
      </object_component>
      <object_component id="oc-1a0">
         <name>.debug_info</name>
         <load_address>0x115c</load_address>
         <run_address>0x115c</run_address>
         <size>0xbfe</size>
         <input_file_ref idref="fl-4"/>
      </object_component>
      <object_component id="oc-1d2">
         <name>.debug_info</name>
         <load_address>0x1d5a</load_address>
         <run_address>0x1d5a</run_address>
         <size>0xc4</size>
         <input_file_ref idref="fl-4"/>
      </object_component>
      <object_component id="oc-1aa">
         <name>.debug_info</name>
         <load_address>0x1e1e</load_address>
         <run_address>0x1e1e</run_address>
         <size>0x116</size>
         <input_file_ref idref="fl-4"/>
      </object_component>
      <object_component id="oc-1cb">
         <name>.debug_info</name>
         <load_address>0x1f34</load_address>
         <run_address>0x1f34</run_address>
         <size>0xbf</size>
         <input_file_ref idref="fl-4"/>
      </object_component>
      <object_component id="oc-1ad">
         <name>.debug_info</name>
         <load_address>0x1ff3</load_address>
         <run_address>0x1ff3</run_address>
         <size>0xc8</size>
         <input_file_ref idref="fl-4"/>
      </object_component>
      <object_component id="oc-a9">
         <name>.debug_info</name>
         <load_address>0x20bb</load_address>
         <run_address>0x20bb</run_address>
         <size>0xef9</size>
         <input_file_ref idref="fl-4"/>
      </object_component>
      <object_component id="oc-2a8">
         <name>.debug_info</name>
         <load_address>0x2fb4</load_address>
         <run_address>0x2fb4</run_address>
         <size>0xc8</size>
         <input_file_ref idref="fl-4"/>
      </object_component>
      <object_component id="oc-2d6">
         <name>.debug_info</name>
         <load_address>0x307c</load_address>
         <run_address>0x307c</run_address>
         <size>0x62</size>
         <input_file_ref idref="fl-4"/>
      </object_component>
      <object_component id="oc-263">
         <name>.debug_info</name>
         <load_address>0x30de</load_address>
         <run_address>0x30de</run_address>
         <size>0x4e</size>
         <input_file_ref idref="fl-4"/>
      </object_component>
      <object_component id="oc-1b2">
         <name>.debug_info</name>
         <load_address>0x312c</load_address>
         <run_address>0x312c</run_address>
         <size>0x3b0</size>
         <input_file_ref idref="fl-5"/>
      </object_component>
      <object_component id="oc-35">
         <name>.debug_info</name>
         <load_address>0x34dc</load_address>
         <run_address>0x34dc</run_address>
         <size>0x187</size>
         <input_file_ref idref="fl-6"/>
      </object_component>
      <object_component id="oc-10">
         <name>.debug_info</name>
         <load_address>0x3663</load_address>
         <run_address>0x3663</run_address>
         <size>0x106</size>
         <input_file_ref idref="fl-6"/>
      </object_component>
      <object_component id="oc-2e">
         <name>.debug_info</name>
         <load_address>0x3769</load_address>
         <run_address>0x3769</run_address>
         <size>0x427</size>
         <input_file_ref idref="fl-6"/>
      </object_component>
      <object_component id="oc-262">
         <name>.debug_info</name>
         <load_address>0x3b90</load_address>
         <run_address>0x3b90</run_address>
         <size>0x3bc</size>
         <input_file_ref idref="fl-9"/>
      </object_component>
      <object_component id="oc-25f">
         <name>.debug_info</name>
         <load_address>0x3f4c</load_address>
         <run_address>0x3f4c</run_address>
         <size>0xd0</size>
         <input_file_ref idref="fl-9"/>
      </object_component>
      <object_component id="oc-11e">
         <name>.debug_info</name>
         <load_address>0x401c</load_address>
         <run_address>0x401c</run_address>
         <size>0x636</size>
         <input_file_ref idref="fl-9"/>
      </object_component>
      <object_component id="oc-268">
         <name>.debug_info</name>
         <load_address>0x4652</load_address>
         <run_address>0x4652</run_address>
         <size>0x110</size>
         <input_file_ref idref="fl-9"/>
      </object_component>
      <object_component id="oc-25">
         <name>.debug_info</name>
         <load_address>0x4762</load_address>
         <run_address>0x4762</run_address>
         <size>0x160</size>
         <input_file_ref idref="fl-c4"/>
      </object_component>
      <object_component id="oc-87">
         <name>.debug_info</name>
         <load_address>0x48c2</load_address>
         <run_address>0x48c2</run_address>
         <size>0x165</size>
         <input_file_ref idref="fl-c5"/>
      </object_component>
      <object_component id="oc-14">
         <name>.debug_info</name>
         <load_address>0x4a27</load_address>
         <run_address>0x4a27</run_address>
         <size>0x245</size>
         <input_file_ref idref="fl-c5"/>
      </object_component>
      <object_component id="oc-37">
         <name>.debug_info</name>
         <load_address>0x4c6c</load_address>
         <run_address>0x4c6c</run_address>
         <size>0x60</size>
         <input_file_ref idref="fl-c5"/>
      </object_component>
      <object_component id="oc-82">
         <name>.debug_info</name>
         <load_address>0x4ccc</load_address>
         <run_address>0x4ccc</run_address>
         <size>0x46</size>
         <input_file_ref idref="fl-c5"/>
      </object_component>
      <object_component id="oc-4c">
         <name>.debug_info</name>
         <load_address>0x4d12</load_address>
         <run_address>0x4d12</run_address>
         <size>0x1ac</size>
         <input_file_ref idref="fl-c6"/>
      </object_component>
      <object_component id="oc-1c">
         <name>.debug_info</name>
         <load_address>0x4ebe</load_address>
         <run_address>0x4ebe</run_address>
         <size>0x1df</size>
         <input_file_ref idref="fl-c6"/>
      </object_component>
      <object_component id="oc-47">
         <name>.debug_info</name>
         <load_address>0x509d</load_address>
         <run_address>0x509d</run_address>
         <size>0x46</size>
         <input_file_ref idref="fl-c6"/>
      </object_component>
      <object_component id="oc-89">
         <name>.debug_info</name>
         <load_address>0x50e3</load_address>
         <run_address>0x50e3</run_address>
         <size>0x2c</size>
         <input_file_ref idref="fl-c6"/>
      </object_component>
      <object_component id="oc-58">
         <name>.debug_info</name>
         <load_address>0x510f</load_address>
         <run_address>0x510f</run_address>
         <size>0x19b</size>
         <input_file_ref idref="fl-c7"/>
      </object_component>
      <object_component id="oc-22">
         <name>.debug_info</name>
         <load_address>0x52aa</load_address>
         <run_address>0x52aa</run_address>
         <size>0x1aa</size>
         <input_file_ref idref="fl-c7"/>
      </object_component>
      <object_component id="oc-53">
         <name>.debug_info</name>
         <load_address>0x5454</load_address>
         <run_address>0x5454</run_address>
         <size>0x46</size>
         <input_file_ref idref="fl-c7"/>
      </object_component>
      <object_component id="oc-b7">
         <name>.debug_info</name>
         <load_address>0x549a</load_address>
         <run_address>0x549a</run_address>
         <size>0x2a0</size>
         <input_file_ref idref="fl-c8"/>
      </object_component>
      <object_component id="oc-b1">
         <name>.debug_info</name>
         <load_address>0x573a</load_address>
         <run_address>0x573a</run_address>
         <size>0x185</size>
         <input_file_ref idref="fl-c8"/>
      </object_component>
      <object_component id="oc-74">
         <name>.debug_info</name>
         <load_address>0x58bf</load_address>
         <run_address>0x58bf</run_address>
         <size>0x214</size>
         <input_file_ref idref="fl-c8"/>
      </object_component>
      <object_component id="oc-42">
         <name>.debug_info</name>
         <load_address>0x5ad3</load_address>
         <run_address>0x5ad3</run_address>
         <size>0x111</size>
         <input_file_ref idref="fl-c9"/>
      </object_component>
      <object_component id="oc-302">
         <name>.debug_info</name>
         <load_address>0x5be4</load_address>
         <run_address>0x5be4</run_address>
         <size>0x198</size>
         <input_file_ref idref="fl-ca"/>
      </object_component>
      <object_component id="oc-255">
         <name>.debug_info</name>
         <load_address>0x5d7c</load_address>
         <run_address>0x5d7c</run_address>
         <size>0x1ab</size>
         <input_file_ref idref="fl-ca"/>
      </object_component>
      <object_component id="oc-7d">
         <name>.debug_info</name>
         <load_address>0x5f27</load_address>
         <run_address>0x5f27</run_address>
         <size>0x28e</size>
         <input_file_ref idref="fl-cb"/>
      </object_component>
      <object_component id="oc-2b">
         <name>.debug_info</name>
         <load_address>0x61b5</load_address>
         <run_address>0x61b5</run_address>
         <size>0x101</size>
         <input_file_ref idref="fl-cb"/>
      </object_component>
      <object_component id="oc-304">
         <name>.debug_info</name>
         <load_address>0x62b6</load_address>
         <run_address>0x62b6</run_address>
         <size>0x14c</size>
         <input_file_ref idref="fl-cb"/>
      </object_component>
      <object_component id="oc-25c">
         <name>.debug_info</name>
         <load_address>0x6402</load_address>
         <run_address>0x6402</run_address>
         <size>0x885</size>
         <input_file_ref idref="fl-cb"/>
      </object_component>
      <object_component id="oc-bd">
         <name>.debug_info</name>
         <load_address>0x6c87</load_address>
         <run_address>0x6c87</run_address>
         <size>0x2c</size>
         <input_file_ref idref="fl-cb"/>
      </object_component>
      <object_component id="oc-c2">
         <name>.debug_info</name>
         <load_address>0x6cb3</load_address>
         <run_address>0x6cb3</run_address>
         <size>0x62</size>
         <input_file_ref idref="fl-cb"/>
      </object_component>
      <object_component id="oc-4e">
         <name>.debug_info</name>
         <load_address>0x6d15</load_address>
         <run_address>0x6d15</run_address>
         <size>0x13f</size>
         <input_file_ref idref="fl-cc"/>
      </object_component>
      <object_component id="oc-5b">
         <name>.debug_info</name>
         <load_address>0x6e54</load_address>
         <run_address>0x6e54</run_address>
         <size>0x138</size>
         <input_file_ref idref="fl-cd"/>
      </object_component>
      <object_component id="oc-62">
         <name>.debug_info</name>
         <load_address>0x6f8c</load_address>
         <run_address>0x6f8c</run_address>
         <size>0x148</size>
         <input_file_ref idref="fl-ce"/>
      </object_component>
      <object_component id="oc-2a4">
         <name>.debug_info</name>
         <load_address>0x70d4</load_address>
         <run_address>0x70d4</run_address>
         <size>0x298</size>
         <input_file_ref idref="fl-cf"/>
      </object_component>
      <object_component id="oc-195">
         <name>.debug_info</name>
         <load_address>0x736c</load_address>
         <run_address>0x736c</run_address>
         <size>0x284</size>
         <input_file_ref idref="fl-cf"/>
      </object_component>
      <object_component id="oc-38e">
         <name>.debug_info</name>
         <load_address>0x75f0</load_address>
         <run_address>0x75f0</run_address>
         <size>0xae</size>
         <input_file_ref idref="fl-cf"/>
      </object_component>
      <object_component id="oc-78">
         <name>.debug_info</name>
         <load_address>0x769e</load_address>
         <run_address>0x769e</run_address>
         <size>0x109</size>
         <input_file_ref idref="fl-d0"/>
      </object_component>
      <object_component id="oc-300">
         <name>.debug_info</name>
         <load_address>0x77a7</load_address>
         <run_address>0x77a7</run_address>
         <size>0x156</size>
         <input_file_ref idref="fl-d1"/>
      </object_component>
      <object_component id="oc-24f">
         <name>.debug_info</name>
         <load_address>0x78fd</load_address>
         <run_address>0x78fd</run_address>
         <size>0x22a</size>
         <input_file_ref idref="fl-d1"/>
      </object_component>
      <object_component id="oc-2f2">
         <name>.debug_info</name>
         <load_address>0x7b27</load_address>
         <run_address>0x7b27</run_address>
         <size>0x234</size>
         <input_file_ref idref="fl-d2"/>
      </object_component>
      <object_component id="oc-23b">
         <name>.debug_info</name>
         <load_address>0x7d5b</load_address>
         <run_address>0x7d5b</run_address>
         <size>0x35c</size>
         <input_file_ref idref="fl-d2"/>
      </object_component>
      <object_component id="oc-2f3">
         <name>.debug_info</name>
         <load_address>0x80b7</load_address>
         <run_address>0x80b7</run_address>
         <size>0x2c</size>
         <input_file_ref idref="fl-d2"/>
      </object_component>
      <object_component id="oc-2f8">
         <name>.debug_info</name>
         <load_address>0x80e3</load_address>
         <run_address>0x80e3</run_address>
         <size>0x69</size>
         <input_file_ref idref="fl-d2"/>
      </object_component>
      <object_component id="oc-1e6">
         <name>.debug_info</name>
         <load_address>0x814c</load_address>
         <run_address>0x814c</run_address>
         <size>0x190</size>
         <input_file_ref idref="fl-d3"/>
      </object_component>
      <object_component id="oc-b4">
         <name>.debug_info</name>
         <load_address>0x82dc</load_address>
         <run_address>0x82dc</run_address>
         <size>0x113</size>
         <input_file_ref idref="fl-d3"/>
      </object_component>
      <object_component id="oc-1e1">
         <name>.debug_info</name>
         <load_address>0x83ef</load_address>
         <run_address>0x83ef</run_address>
         <size>0x21f</size>
         <input_file_ref idref="fl-d3"/>
      </object_component>
      <object_component id="oc-37d">
         <name>.debug_info</name>
         <load_address>0x860e</load_address>
         <run_address>0x860e</run_address>
         <size>0x3f1</size>
         <input_file_ref idref="fl-d4"/>
      </object_component>
      <object_component id="oc-29c">
         <name>.debug_info</name>
         <load_address>0x89ff</load_address>
         <run_address>0x89ff</run_address>
         <size>0x1554</size>
         <input_file_ref idref="fl-d4"/>
      </object_component>
      <object_component id="oc-37e">
         <name>.debug_info</name>
         <load_address>0x9f53</load_address>
         <run_address>0x9f53</run_address>
         <size>0x86</size>
         <input_file_ref idref="fl-d4"/>
      </object_component>
      <object_component id="oc-3fd">
         <name>.debug_info</name>
         <load_address>0x9fd9</load_address>
         <run_address>0x9fd9</run_address>
         <size>0x46</size>
         <input_file_ref idref="fl-d4"/>
      </object_component>
      <object_component id="oc-383">
         <name>.debug_info</name>
         <load_address>0xa01f</load_address>
         <run_address>0xa01f</run_address>
         <size>0x39</size>
         <input_file_ref idref="fl-d4"/>
      </object_component>
      <object_component id="oc-af">
         <name>.debug_info</name>
         <load_address>0xa058</load_address>
         <run_address>0xa058</run_address>
         <size>0x1d2</size>
         <input_file_ref idref="fl-d5"/>
      </object_component>
      <object_component id="oc-6d">
         <name>.debug_info</name>
         <load_address>0xa22a</load_address>
         <run_address>0xa22a</run_address>
         <size>0x167</size>
         <input_file_ref idref="fl-d5"/>
      </object_component>
[...]
         <object_component_ref idref="oc-9a"/>
      </symbol>
      <symbol id="sm-536">
         <name>_ctypes_</name>
         <value>0x20008f04</value>
         <object_component_ref idref="oc-3f4"/>
      </symbol>
      <symbol id="sm-54b">
         <name>__TI_tmpnams</name>
         <value>0x2001d788</value>
      </symbol>
      <symbol id="sm-54c">
         <name>__aeabi_stdout</name>
         <value>0x2001e320</value>
         <object_component_ref idref="oc-3c6"/>
      </symbol>
      <symbol id="sm-54d">
         <name>__aeabi_stderr</name>
         <value>0x2001e324</value>
         <object_component_ref idref="oc-3c6"/>
      </symbol>
      <symbol id="sm-54e">
         <name>__aeabi_stdin</name>
         <value>0x2001e31c</value>
         <object_component_ref idref="oc-3c6"/>
      </symbol>
      <symbol id="sm-54f">
         <name>_ftable</name>
         <value>0x2001e140</value>
         <object_component_ref idref="oc-2a0"/>
      </symbol>
      <symbol id="sm-550">
         <name>__TI_ft_end</name>
         <value>0x2001e318</value>
         <object_component_ref idref="oc-3c6"/>
      </symbol>
      <symbol id="sm-567">
         <name>__aeabi_dsub</name>
         <value>0x20006dd5</value>
         <object_component_ref idref="oc-359"/>
      </symbol>
      <symbol id="sm-568">
         <name>__aeabi_dadd</name>
         <value>0x20006ddf</value>
         <object_component_ref idref="oc-359"/>
      </symbol>
      <symbol id="sm-58a">
         <name>__aeabi_cdcmpeq</name>
         <value>0x20007e29</value>
         <object_component_ref idref="oc-335"/>
      </symbol>
      <symbol id="sm-58b">
         <name>__aeabi_cdcmple</name>
         <value>0x20007e29</value>
         <object_component_ref idref="oc-335"/>
      </symbol>
      <symbol id="sm-58c">
         <name>__aeabi_cdrcmple</name>
         <value>0x20007eaf</value>
         <object_component_ref idref="oc-344"/>
      </symbol>
      <symbol id="sm-5a0">
         <name>__aeabi_ddiv</name>
         <value>0x20007105</value>
         <object_component_ref idref="oc-33f"/>
      </symbol>
      <symbol id="sm-5ab">
         <name>__aeabi_dmul</name>
         <value>0x20007499</value>
         <object_component_ref idref="oc-33a"/>
      </symbol>
      <symbol id="sm-5b5">
         <name>__aeabi_d2iz</name>
         <value>0x200086d9</value>
         <object_component_ref idref="oc-349"/>
      </symbol>
      <symbol id="sm-5cc">
         <name>putc</name>
         <value>0x20007bed</value>
         <object_component_ref idref="oc-28e"/>
      </symbol>
      <symbol id="sm-5cd">
         <name>fputc</name>
         <value>0x20007bed</value>
         <object_component_ref idref="oc-28e"/>
      </symbol>
      <symbol id="sm-5ce">
         <name>putchar</name>
         <value>0x20007c71</value>
         <object_component_ref idref="oc-28e"/>
      </symbol>
      <symbol id="sm-5f0">
         <name>puts</name>
         <value>0x20007349</value>
         <object_component_ref idref="oc-294"/>
      </symbol>
      <symbol id="sm-5f1">
         <name>fputs</name>
         <value>0x2000723d</value>
         <object_component_ref idref="oc-294"/>
      </symbol>
      <symbol id="sm-5fb">
         <name>__aeabi_i2d</name>
         <value>0x20008975</value>
         <object_component_ref idref="oc-354"/>
      </symbol>
      <symbol id="sm-60a">
         <name>ltoa</name>
         <value>0x200085ed</value>
         <object_component_ref idref="oc-34e"/>
      </symbol>
      <symbol id="sm-61a">
         <name>memccpy</name>
         <value>0x20008c31</value>
         <object_component_ref idref="oc-376"/>
      </symbol>
      <symbol id="sm-62a">
         <name>memchr</name>
         <value>0x20008b41</value>
         <object_component_ref idref="oc-328"/>
      </symbol>
      <symbol id="sm-645">
         <name>frexpl</name>
         <value>0x20008435</value>
         <object_component_ref idref="oc-35e"/>
      </symbol>
      <symbol id="sm-646">
         <name>frexp</name>
         <value>0x20008435</value>
         <object_component_ref idref="oc-35e"/>
      </symbol>
      <symbol id="sm-664">
         <name>scalbn</name>
         <value>0x20007671</value>
         <object_component_ref idref="oc-364"/>
      </symbol>
      <symbol id="sm-665">
         <name>scalbnl</name>
         <value>0x20007671</value>
         <object_component_ref idref="oc-364"/>
      </symbol>
      <symbol id="sm-666">
         <name>ldexpl</name>
         <value>0x20007671</value>
         <object_component_ref idref="oc-364"/>
      </symbol>
      <symbol id="sm-667">
         <name>ldexp</name>
         <value>0x20007671</value>
         <object_component_ref idref="oc-364"/>
      </symbol>
      <symbol id="sm-671">
         <name>_system_post_cinit</name>
         <value>0x200063cb</value>
         <object_component_ref idref="oc-a0"/>
      </symbol>
      <symbol id="sm-681">
         <name>strchr</name>
         <value>0x20008de3</value>
         <object_component_ref idref="oc-36a"/>
      </symbol>
      <symbol id="sm-69d">
         <name>__aeabi_uldivmod</name>
         <value>0x20006a1d</value>
         <object_component_ref idref="oc-330"/>
      </symbol>
      <symbol id="sm-6c3">
         <name>_stream</name>
         <value>0x2001e2a8</value>
         <object_component_ref idref="oc-3cb"/>
      </symbol>
      <symbol id="sm-6c4">
         <name>_device</name>
         <value>0x2001e230</value>
         <object_component_ref idref="oc-423"/>
      </symbol>
      <symbol id="sm-6c5">
         <name>write</name>
         <value>0x20008a4d</value>
         <object_component_ref idref="oc-320"/>
      </symbol>
      <symbol id="sm-6e3">
         <name>__TI_wrt_ok</name>
         <value>0x200078c5</value>
         <object_component_ref idref="oc-314"/>
      </symbol>
      <symbol id="sm-6e4">
         <name>__TI_rd_ok</name>
         <value>0x20007927</value>
         <object_component_ref idref="oc-314"/>
      </symbol>
      <symbol id="sm-6ec">
         <name>errno</name>
         <value>0x2001e35c</value>
         <object_component_ref idref="oc-3ed"/>
      </symbol>
      <symbol id="sm-706">
         <name>__TI_doflush</name>
         <value>0x20007741</value>
         <object_component_ref idref="oc-31a"/>
      </symbol>
      <symbol id="sm-707">
         <name>fflush</name>
         <value>0x2000778d</value>
         <object_component_ref idref="oc-31a"/>
      </symbol>
      <symbol id="sm-719">
         <name>fseek</name>
         <value>0x20008315</value>
         <object_component_ref idref="oc-3b8"/>
      </symbol>
      <symbol id="sm-72a">
         <name>HOSTclose</name>
         <value>0x20008765</value>
         <object_component_ref idref="oc-465"/>
      </symbol>
      <symbol id="sm-73b">
         <name>HOSTlseek</name>
         <value>0x200081dd</value>
         <object_component_ref idref="oc-477"/>
      </symbol>
      <symbol id="sm-74d">
         <name>parmbuf</name>
         <value>0x2001d908</value>
      </symbol>
      <symbol id="sm-74e">
         <name>HOSTopen</name>
         <value>0x20008379</value>
         <object_component_ref idref="oc-45f"/>
      </symbol>
      <symbol id="sm-75f">
         <name>HOSTread</name>
         <value>0x200084e9</value>
         <object_component_ref idref="oc-46b"/>
      </symbol>
      <symbol id="sm-770">
         <name>HOSTrename</name>
         <value>0x20008245</value>
         <object_component_ref idref="oc-483"/>
      </symbol>
      <symbol id="sm-781">
         <name>HOSTunlink</name>
         <value>0x200087a9</value>
         <object_component_ref idref="oc-47d"/>
      </symbol>
      <symbol id="sm-792">
         <name>HOSTwrite</name>
         <value>0x20008541</value>
         <object_component_ref idref="oc-471"/>
      </symbol>
      <symbol id="sm-7a2">
         <name>lseek</name>
         <value>0x20008a25</value>
         <object_component_ref idref="oc-408"/>
      </symbol>
      <symbol id="sm-7ac">
         <name>copysign</name>
         <value>0x20008ef3</value>
         <object_component_ref idref="oc-3e7"/>
      </symbol>
      <symbol id="sm-7ad">
         <name>copysignl</name>
         <value>0x20008ef3</value>
         <object_component_ref idref="oc-3e7"/>
      </symbol>
      <symbol id="sm-7c9">
         <name>setvbuf</name>
         <value>0x20007595</value>
         <object_component_ref idref="oc-3be"/>
      </symbol>
      <symbol id="sm-7d7">
         <name>strcpy</name>
         <value>0x20008e35</value>
         <object_component_ref idref="oc-4bd"/>
      </symbol>
      <symbol id="sm-7f2">
         <name>__TI_readmsg</name>
         <value>0x200082df</value>
         <object_component_ref idref="oc-4a9"/>
      </symbol>
      <symbol id="sm-7f3">
         <name>C$$IO$$</name>
         <value>0x200082db</value>
         <object_component_ref idref="oc-4a9"/>
      </symbol>
      <symbol id="sm-7f4">
         <name>__CIOBUF_</name>
         <value>0x2001d668</value>
         <object_component_ref idref="oc-4db"/>
      </symbol>
      <symbol id="sm-7f5">
         <name>__TI_writemsg</name>
         <value>0x200082ad</value>
         <object_component_ref idref="oc-4a9"/>
      </symbol>
      <symbol id="sm-827">
         <name>__TI_cleanup</name>
         <value>0x20006cd9</value>
         <object_component_ref idref="oc-410"/>
      </symbol>
      <symbol id="sm-828">
         <name>freopen</name>
         <value>0x20006d05</value>
         <object_component_ref idref="oc-410"/>
      </symbol>
      <symbol id="sm-829">
         <name>fopen</name>
         <value>0x20006d2f</value>
         <object_component_ref idref="oc-410"/>
      </symbol>
      <symbol id="sm-846">
         <name>open</name>
         <value>0x20007809</value>
         <object_component_ref idref="oc-44e"/>
      </symbol>
      <symbol id="sm-85c">
         <name>__TI_closefile</name>
         <value>0x20007b55</value>
         <object_component_ref idref="oc-454"/>
      </symbol>
      <symbol id="sm-85d">
         <name>fclose</name>
         <value>0x20007bbb</value>
         <object_component_ref idref="oc-454"/>
      </symbol>
      <symbol id="sm-877">
         <name>finddevice</name>
         <value>0x20008095</value>
         <object_component_ref idref="oc-48f"/>
      </symbol>
      <symbol id="sm-878">
         <name>getdevice</name>
         <value>0x200080bf</value>
         <object_component_ref idref="oc-48f"/>
      </symbol>
      <symbol id="sm-888">
         <name>strcmp</name>
         <value>0x20008d5d</value>
         <object_component_ref idref="oc-4c5"/>
      </symbol>
      <symbol id="sm-898">
         <name>strncpy</name>
         <value>0x200088df</value>
         <object_component_ref idref="oc-4cb"/>
      </symbol>
      <symbol id="sm-8a8">
         <name>unlink</name>
         <value>0x200089d1</value>
         <object_component_ref idref="oc-49e"/>
      </symbol>
      <symbol id="sm-8bc">
         <name>close</name>
         <value>0x200083d9</value>
         <object_component_ref idref="oc-498"/>
      </symbol>
      <symbol id="sm-8d0">
         <name>GPIODirModeSet</name>
         <value>0x200088a9</value>
         <object_component_ref idref="oc-2bd"/>
      </symbol>
      <symbol id="sm-8d1">
         <name>GPIOPinWrite</name>
         <value>0x20008adf</value>
         <object_component_ref idref="oc-1bd"/>
      </symbol>
      <symbol id="sm-912">
         <name>IntVTableBaseSet</name>
         <value>0x20008e0d</value>
         <object_component_ref idref="oc-e4"/>
      </symbol>
      <symbol id="sm-913">
         <name>IntEnable</name>
         <value>0x20007971</value>
         <object_component_ref idref="oc-f0"/>
      </symbol>
      <symbol id="sm-914">
         <name>IntRegister</name>
         <value>0x20008b01</value>
         <object_component_ref idref="oc-230"/>
      </symbol>
      <symbol id="sm-915">
         <name>IntMasterEnable</name>
         <value>0x20008ee9</value>
         <object_component_ref idref="oc-ea"/>
      </symbol>
      <symbol id="sm-954">
         <name>PinTypeUART</name>
         <value>0x20008c67</value>
         <object_component_ref idref="oc-2c9"/>
      </symbol>
      <symbol id="sm-955">
         <name>PinTypeGPIO</name>
         <value>0x20008915</value>
         <object_component_ref idref="oc-2b7"/>
      </symbol>
      <symbol id="sm-956">
         <name>PinConfigSet</name>
         <value>0x20007d19</value>
         <object_component_ref idref="oc-397"/>
      </symbol>
      <symbol id="sm-957">
         <name>PinTypeSPI</name>
         <value>0x20008c4d</value>
         <object_component_ref idref="oc-2c3"/>
      </symbol>
      <symbol id="sm-958">
         <name>PinModeSet</name>
         <value>0x200087ed</value>
         <object_component_ref idref="oc-2b1"/>
      </symbol>
      <symbol id="sm-9de">
         <name>PRCMPeripheralReset</name>
         <value>0x20008491</value>
         <object_component_ref idref="oc-221"/>
      </symbol>
      <symbol id="sm-9df">
         <name>PRCMPeripheralClkEnable</name>
         <value>0x2000886d</value>
         <object_component_ref idref="oc-21b"/>
      </symbol>
      <symbol id="sm-9e0">
         <name>PRCMPeripheralClockGet</name>
         <value>0x20007c85</value>
         <object_component_ref idref="oc-151"/>
      </symbol>
      <symbol id="sm-9e1">
         <name>PRCMCC3200MCUInit</name>
         <value>0x20006f8d</value>
         <object_component_ref idref="oc-f6"/>
      </symbol>
      <symbol id="sm-9e2">
         <name>PRCMHIBRegWrite</name>
         <value>0x20008d8b</value>
         <object_component_ref idref="oc-215"/>
      </symbol>
      <symbol id="sm-9e3">
         <name>PRCMSysResetCauseGet</name>
         <value>0x200089a5</value>
         <object_component_ref idref="oc-209"/>
      </symbol>
      <symbol id="sm-9e4">
         <name>PRCMPeripheralClkDisable</name>
         <value>0x200089fd</value>
         <object_component_ref idref="oc-227"/>
      </symbol>
      <symbol id="sm-9e5">
         <name>PRCMHIBRegRead</name>
         <value>0x20008d75</value>
         <object_component_ref idref="oc-20f"/>
      </symbol>
      <symbol id="sm-a32">
         <name>SPICSEnable</name>
         <value>0x20008cb3</value>
         <object_component_ref idref="oc-181"/>
      </symbol>
      <symbol id="sm-a33">
         <name>SPIFIFOEnable</name>
         <value>0x20008c81</value>
         <object_component_ref idref="oc-14b"/>
      </symbol>
      <symbol id="sm-a34">
         <name>SPIDataPut</name>
         <value>0x20008b61</value>
         <object_component_ref idref="oc-187"/>
      </symbol>
      <symbol id="sm-a35">
         <name>SPIEnable</name>
         <value>0x20008ccb</value>
         <object_component_ref idref="oc-15d"/>
      </symbol>
      <symbol id="sm-a36">
         <name>SPIDataGet</name>
         <value>0x20008b21</value>
         <object_component_ref idref="oc-18d"/>
      </symbol>
      <symbol id="sm-a37">
         <name>SPIConfigSetExpClk</name>
         <value>0x20007a19</value>
         <object_component_ref idref="oc-157"/>
      </symbol>
      <symbol id="sm-a38">
         <name>SPIReset</name>
         <value>0x20008abd</value>
         <object_component_ref idref="oc-145"/>
      </symbol>
      <symbol id="sm-a39">
         <name>SPICSDisable</name>
         <value>0x20008c9b</value>
         <object_component_ref idref="oc-199"/>
      </symbol>
      <symbol id="sm-a7a">
         <name>SysTickIntDisable</name>
         <value>0x20008ea1</value>
         <object_component_ref idref="oc-fc"/>
      </symbol>
      <symbol id="sm-a7b">
         <name>SysTickEnable</name>
         <value>0x20008e91</value>
         <object_component_ref idref="oc-114"/>
      </symbol>
      <symbol id="sm-a7c">
         <name>SysTickIntRegister</name>
         <value>0x20008bf9</value>
         <object_component_ref idref="oc-108"/>
      </symbol>
      <symbol id="sm-a7d">
         <name>SysTickIntEnable</name>
         <value>0x20008eb1</value>
         <object_component_ref idref="oc-10e"/>
      </symbol>
      <symbol id="sm-a7e">
         <name>SysTickPeriodSet</name>
         <value>0x20008ce5</value>
         <object_component_ref idref="oc-102"/>
      </symbol>
      <symbol id="sm-a7f">
         <name>SysTickDisable</name>
         <value>0x20008e81</value>
         <object_component_ref idref="oc-1c3"/>
      </symbol>
      <symbol id="sm-a93">
         <name>TimerIntStatus</name>
         <value>0x20008b7f</value>
         <object_component_ref idref="oc-d8"/>
      </symbol>
      <symbol id="sm-a94">
         <name>TimerIntClear</name>
         <value>0x20008e5d</value>
         <object_component_ref idref="oc-de"/>
      </symbol>
      <symbol id="sm-b2d">
         <name>UARTFIFODisable</name>
         <value>0x20008db7</value>
         <object_component_ref idref="oc-16f"/>
      </symbol>
      <symbol id="sm-b2e">
         <name>UARTConfigSetExpClk</name>
         <value>0x20007faf</value>
         <object_component_ref idref="oc-163"/>
      </symbol>
      <symbol id="sm-b2f">
         <name>UARTDisable</name>
         <value>0x20008945</value>
         <object_component_ref idref="oc-278"/>
      </symbol>
      <symbol id="sm-b30">
         <name>UARTIntEnable</name>
         <value>0x20008d2d</value>
         <object_component_ref idref="oc-12d"/>
      </symbol>
      <symbol id="sm-b31">
         <name>UARTCharsAvail</name>
         <value>0x20008cfd</value>
         <object_component_ref idref="oc-240"/>
      </symbol>
      <symbol id="sm-b32">
         <name>UARTCharGetNonBlocking</name>
         <value>0x20008c15</value>
         <object_component_ref idref="oc-246"/>
      </symbol>
      <symbol id="sm-b33">
         <name>UARTIntDisable</name>
         <value>0x20008d15</value>
         <object_component_ref idref="oc-120"/>
      </symbol>
      <symbol id="sm-b34">
         <name>UARTCharPut</name>
         <value>0x20008b9d</value>
         <object_component_ref idref="oc-126"/>
      </symbol>
      <symbol id="sm-b35">
         <name>UARTEnable</name>
         <value>0x20008a75</value>
         <object_component_ref idref="oc-169"/>
      </symbol>
      <symbol id="sm-b36">
         <name>UARTFIFOEnable</name>
         <value>0x20008dcd</value>
         <object_component_ref idref="oc-17b"/>
      </symbol>
      <symbol id="sm-b37">
         <name>UARTIntClear</name>
         <value>0x20008e6f</value>
         <object_component_ref idref="oc-139"/>
      </symbol>
      <symbol id="sm-b38">
         <name>UARTIntStatus</name>
         <value>0x20008bd9</value>
         <object_component_ref idref="oc-133"/>
      </symbol>
      <symbol id="sm-b39">
         <name>UARTCharGet</name>
         <value>0x20008da1</value>
         <object_component_ref idref="oc-13f"/>
      </symbol>
      <symbol id="sm-b3a">
         <name>UARTIntRegister</name>
         <value>0x20008bbb</value>
         <object_component_ref idref="oc-175"/>
      </symbol>
      <symbol id="sm-b3e">
         <name>UtilsDelay</name>
         <value>0x20008efb</value>
         <object_component_ref idref="oc-12c"/>
      </symbol>
      <symbol id="sm-b48">
         <name>CPUcpsie</name>
         <value>0x20008df9</value>
         <object_component_ref idref="oc-1fe"/>
      </symbol>
      <symbol id="sm-b4a">
         <name>__TI_static_base__</name>
         <value>0x20009250</value>
      </symbol>
      <symbol id="sm-b4d">
         <name>SHT$$INIT_ARRAY$$Limit</name>
         <value>0x0</value>
      </symbol>
      <symbol id="sm-b4e">
         <name>SHT$$INIT_ARRAY$$Base</name>
         <value>0x0</value>
      </symbol>
      <symbol id="sm-b4f">
         <name>remove</name>
         <value>0x200089d1</value>
      </symbol>
   </symbol_table>
   <title>Link successful</title>
</link_info>
