<?xml version="1.0"?>
<link_info>
   <banner>TI ARM Linker PC v16.9.6.LTS</banner>
   <copyright>Copyright (c) 1996-2017 Texas Instruments Incorporated</copyright>
   <link_time>0x5a82bdcc</link_time>
   <link_errors>0x0</link_errors>
   <output_file>int_sw.out</output_file>
   <entry_point>
      <name>_c_int00</name>
      <address>0x20008ab1</address>
   </entry_point>
   <input_file_list>
      <input_file id="fl-2">
         <path>.\</path>
         <kind>object</kind>
         <file>Adafruit_GFX.obj</file>
         <name>Adafruit_GFX.obj</name>
      </input_file>
      <input_file id="fl-3">
         <path>.\</path>
         <kind>object</kind>
         <file>Adafruit_OLED.obj</file>
         <name>Adafruit_OLED.obj</name>
      </input_file>
      <input_file id="fl-4">
         <path>.\</path>
         <kind>object</kind>
         <file>main.obj</file>
         <name>main.obj</name>
      </input_file>
      <input_file id="fl-5">
         <path>.\</path>
         <kind>object</kind>
         <file>pin_mux_config.obj</file>
         <name>pin_mux_config.obj</name>
      </input_file>
      <input_file id="fl-6">
         <path>.\</path>
         <kind>object</kind>
         <file>startup_ccs.obj</file>
         <name>startup_ccs.obj</name>
      </input_file>
      <input_file id="fl-7">
         <path>.\</path>
         <kind>object</kind>
         <file>test.obj</file>
         <name>test.obj</name>
      </input_file>
      <input_file id="fl-8">
         <path>.\</path>
         <kind>object</kind>
         <file>timer_if.obj</file>
         <name>timer_if.obj</name>
      </input_file>
      <input_file id="fl-9">
         <path>.\</path>
         <kind>object</kind>
         <file>uart_if.obj</file>
         <name>uart_if.obj</name>
      </input_file>
      <input_file id="fl-e">
         <kind>object</kind>
         <file>&lt;internal&gt;</file>
         <name>&lt;internal&gt;</name>
      </input_file>
      <input_file id="fl-c4">
         <path>C:\ti\ccsv7\tools\compiler\ti-cgt-arm_16.9.6.LTS\lib\</path>
         <kind>archive</kind>
         <file>rtsv7M4_T_le_eabi.lib</file>
         <name>boot.obj</name>
      </input_file>
      <input_file id="fl-c5">
         <path>C:\ti\ccsv7\tools\compiler\ti-cgt-arm_16.9.6.LTS\lib\</path>
         <kind>archive</kind>
         <file>rtsv7M4_T_le_eabi.lib</file>
         <name>copy_decompress_lzss.obj</name>
      </input_file>
      <input_file id="fl-c6">
         <path>C:\ti\ccsv7\tools\compiler\ti-cgt-arm_16.9.6.LTS\lib\</path>
         <kind>archive</kind>
         <file>rtsv7M4_T_le_eabi.lib</file>
         <name>copy_decompress_none.obj</name>
      </input_file>
      <input_file id="fl-c7">
         <path>C:\ti\ccsv7\tools\compiler\ti-cgt-arm_16.9.6.LTS\lib\</path>
         <kind>archive</kind>
         <file>rtsv7M4_T_le_eabi.lib</file>
         <name>copy_zero_init.obj</name>
      </input_file>
      <input_file id="fl-c8">
         <path>C:\ti\ccsv7\tools\compiler\ti-cgt-arm_16.9.6.LTS\lib\</path>
         <kind>archive</kind>
         <file>rtsv7M4_T_le_eabi.lib</file>
         <name>exit.obj</name>
      </input_file>
      <input_file id="fl-c9">
         <path>C:\ti\ccsv7\tools\compiler\ti-cgt-arm_16.9.6.LTS\lib\</path>
         <kind>archive</kind>
         <file>rtsv7M4_T_le_eabi.lib</file>
         <name>memcpy_t2.obj</name>
      </input_file>
      <input_file id="fl-ca">
         <path>C:\ti\ccsv7\tools\compiler\ti-cgt-arm_16.9.6.LTS\lib\</path>
         <kind>archive</kind>
         <file>rtsv7M4_T_le_eabi.lib</file>
         <name>memmov.obj</name>
      </input_file>
      <input_file id="fl-cb">
         <path>C:\ti\ccsv7\tools\compiler\ti-cgt-arm_16.9.6.LTS\lib\</path>
         <kind>archive</kind>
         <file>rtsv7M4_T_le_eabi.lib</file>
         <name>memory.obj</name>
      </input_file>
      <input_file id="fl-cc">
         <path>C:\ti\ccsv7\tools\compiler\ti-cgt-arm_16.9.6.LTS\lib\</path>
         <kind>archive</kind>
         <file>rtsv7M4_T_le_eabi.lib</file>
         <name>memset_t2.obj</name>
      </input_file>
      <input_file id="fl-cd">
         <path>C:\ti\ccsv7\tools\compiler\ti-cgt-arm_16.9.6.LTS\lib\</path>
         <kind>archive</kind>
         <file>rtsv7M4_T_le_eabi.lib</file>
         <name>mpu_init.obj</name>
      </input_file>
      <input_file id="fl-ce">
         <path>C:\ti\ccsv7\tools\compiler\ti-cgt-arm_16.9.6.LTS\lib\</path>
         <kind>archive</kind>
         <file>rtsv7M4_T_le_eabi.lib</file>
         <name>pre_init.obj</name>
      </input_file>
      <input_file id="fl-cf">
         <path>C:\ti\ccsv7\tools\compiler\ti-cgt-arm_16.9.6.LTS\lib\</path>
         <kind>archive</kind>
         <file>rtsv7M4_T_le_eabi.lib</file>
         <name>stkdepth_vars.obj</name>
      </input_file>
      <input_file id="fl-d0">
         <path>C:\ti\ccsv7\tools\compiler\ti-cgt-arm_16.9.6.LTS\lib\</path>
         <kind>archive</kind>
         <file>rtsv7M4_T_le_eabi.lib</file>
         <name>strlen.obj</name>
      </input_file>
      <input_file id="fl-d1">
         <path>C:\ti\ccsv7\tools\compiler\ti-cgt-arm_16.9.6.LTS\lib\</path>
         <kind>archive</kind>
         <file>rtsv7M4_T_le_eabi.lib</file>
         <name>vsnprintf.obj</name>
      </input_file>
      <input_file id="fl-d2">
         <path>C:\ti\ccsv7\tools\compiler\ti-cgt-arm_16.9.6.LTS\lib\</path>
         <kind>archive</kind>
         <file>rtsv7M4_T_le_eabi.lib</file>
         <name>_lock.obj</name>
      </input_file>
      <input_file id="fl-d3">
         <path>C:\ti\ccsv7\tools\compiler\ti-cgt-arm_16.9.6.LTS\lib\</path>
         <kind>archive</kind>
         <file>rtsv7M4_T_le_eabi.lib</file>
         <name>_printfi.obj</name>
      </input_file>
      <input_file id="fl-d4">
         <path>C:\ti\ccsv7\tools\compiler\ti-cgt-arm_16.9.6.LTS\lib\</path>
         <kind>archive</kind>
         <file>rtsv7M4_T_le_eabi.lib</file>
         <name>args_main.obj</name>
      </input_file>
      <input_file id="fl-d5">
         <path>C:\ti\ccsv7\tools\compiler\ti-cgt-arm_16.9.6.LTS\lib\</path>
         <kind>archive</kind>
         <file>rtsv7M4_T_le_eabi.lib</file>
         <name>atoi.obj</name>
      </input_file>
      <input_file id="fl-d6">
         <path>C:\ti\ccsv7\tools\compiler\ti-cgt-arm_16.9.6.LTS\lib\</path>
         <kind>archive</kind>
         <file>rtsv7M4_T_le_eabi.lib</file>
         <name>autoinit.obj</name>
      </input_file>
      <input_file id="fl-d7">
         <path>C:\ti\ccsv7\tools\compiler\ti-cgt-arm_16.9.6.LTS\lib\</path>
         <kind>archive</kind>
         <file>rtsv7M4_T_le_eabi.lib</file>
         <name>cpy_tbl.obj</name>
      </input_file>
      <input_file id="fl-d8">
         <path>C:\ti\ccsv7\tools\compiler\ti-cgt-arm_16.9.6.LTS\lib\</path>
         <kind>archive</kind>
         <file>rtsv7M4_T_le_eabi.lib</file>
         <name>ctype.obj</name>
      </input_file>
      <input_file id="fl-d9">
         <path>C:\ti\ccsv7\tools\compiler\ti-cgt-arm_16.9.6.LTS\lib\</path>
         <kind>archive</kind>
         <file>rtsv7M4_T_le_eabi.lib</file>
         <name>fd_add_t2.obj</name>
      </input_file>
      <input_file id="fl-da">
         <path>C:\ti\ccsv7\tools\compiler\ti-cgt-arm_16.9.6.LTS\lib\</path>
         <kind>archive</kind>
         <file>rtsv7M4_T_le_eabi.lib</file>
         <name>fd_cmp_t2.obj</name>
      </input_file>
      <input_file id="fl-db">
         <path>C:\ti\ccsv7\tools\compiler\ti-cgt-arm_16.9.6.LTS\lib\</path>
         <kind>archive</kind>
         <file>rtsv7M4_T_le_eabi.lib</file>
         <name>fd_div_t2.obj</name>
      </input_file>
      <input_file id="fl-dc">
         <path>C:\ti\ccsv7\tools\compiler\ti-cgt-arm_16.9.6.LTS\lib\</path>
         <kind>archive</kind>
         <file>rtsv7M4_T_le_eabi.lib</file>
         <name>fd_mul_t2.obj</name>
      </input_file>
      <input_file id="fl-dd">
         <path>C:\ti\ccsv7\tools\compiler\ti-cgt-arm_16.9.6.LTS\lib\</path>
         <kind>archive</kind>
         <file>rtsv7M4_T_le_eabi.lib</file>
         <name>fd_toi_t2.obj</name>
      </input_file>
      <input_file id="fl-de">
         <path>C:\ti\ccsv7\tools\compiler\ti-cgt-arm_16.9.6.LTS\lib\</path>
         <kind>archive</kind>
         <file>rtsv7M4_T_le_eabi.lib</file>
         <name>i_tofd_t2.obj</name>
      </input_file>
      <input_file id="fl-df">
         <path>C:\ti\ccsv7\tools\compiler\ti-cgt-arm_16.9.6.LTS\lib\</path>
         <kind>archive</kind>
         <file>rtsv7M4_T_le_eabi.lib</file>
         <name>ltoa.obj</name>
      </input_file>
      <input_file id="fl-e0">
         <path>C:\ti\ccsv7\tools\compiler\ti-cgt-arm_16.9.6.LTS\lib\</path>
         <kind>archive</kind>
         <file>rtsv7M4_T_le_eabi.lib</file>
         <name>memccpy.obj</name>
      </input_file>
      <input_file id="fl-e1">
         <path>C:\ti\ccsv7\tools\compiler\ti-cgt-arm_16.9.6.LTS\lib\</path>
         <kind>archive</kind>
         <file>rtsv7M4_T_le_eabi.lib</file>
         <name>s_frexp.obj</name>
      </input_file>
      <input_file id="fl-e2">
         <path>C:\ti\ccsv7\tools\compiler\ti-cgt-arm_16.9.6.LTS\lib\</path>
         <kind>archive</kind>
         <file>rtsv7M4_T_le_eabi.lib</file>
         <name>s_scalbn.obj</name>
      </input_file>
      <input_file id="fl-e3">
         <path>C:\ti\ccsv7\tools\compiler\ti-cgt-arm_16.9.6.LTS\lib\</path>
         <kind>archive</kind>
         <file>rtsv7M4_T_le_eabi.lib</file>
         <name>startup.obj</name>
      </input_file>
      <input_file id="fl-e4">
         <path>C:\ti\ccsv7\tools\compiler\ti-cgt-arm_16.9.6.LTS\lib\</path>
         <kind>archive</kind>
         <file>rtsv7M4_T_le_eabi.lib</file>
         <name>strchr.obj</name>
      </input_file>
      <input_file id="fl-e5">
         <path>C:\ti\ccsv7\tools\compiler\ti-cgt-arm_16.9.6.LTS\lib\</path>
         <kind>archive</kind>
         <file>rtsv7M4_T_le_eabi.lib</file>
         <name>ull_div_t2.obj</name>
      </input_file>
      <input_file id="fl-e6">
         <path>C:\ti\ccsv7\tools\compiler\ti-cgt-arm_16.9.6.LTS\lib\</path>
         <kind>archive</kind>
         <file>rtsv7M4_T_le_eabi.lib</file>
         <name>errno.obj</name>
      </input_file>
      <input_file id="fl-e7">
         <path>C:\ti\ccsv7\tools\compiler\ti-cgt-arm_16.9.6.LTS\lib\</path>
         <kind>archive</kind>
         <file>rtsv7M4_T_le_eabi.lib</file>
         <name>s_copysign.obj</name>
      </input_file>
      <input_file id="fl-e8">
         <path>C:\ti\CC3200SDK_1.3.0\cc3200-sdk\driverlib\ccs\Release\</path>
         <kind>archive</kind>
         <file>driverlib.a</file>
         <name>gpio.obj</name>
      </input_file>
      <input_file id="fl-e9">
         <path>C:\ti\CC3200SDK_1.3.0\cc3200-sdk\driverlib\ccs\Release\</path>
         <kind>archive</kind>
         <file>driverlib.a</file>
         <name>interrupt.obj</name>
      </input_file>
      <input_file id="fl-ea">
         <path>C:\ti\CC3200SDK_1.3.0\cc3200-sdk\driverlib\ccs\Release\</path>
         <kind>archive</kind>
         <file>driverlib.a</file>
         <name>pin.obj</name>
      </input_file>
      <input_file id="fl-eb">
         <path>C:\ti\CC3200SDK_1.3.0\cc3200-sdk\driverlib\ccs\Release\</path>
         <kind>archive</kind>
         <file>driverlib.a</file>
         <name>prcm.obj</name>
      </input_file>
      <input_file id="fl-ec">
         <path>C:\ti\CC3200SDK_1.3.0\cc3200-sdk\driverlib\ccs\Release\</path>
         <kind>archive</kind>
         <file>driverlib.a</file>
         <name>spi.obj</name>
      </input_file>
      <input_file id="fl-ed">
         <path>C:\ti\CC3200SDK_1.3.0\cc3200-sdk\driverlib\ccs\Release\</path>
         <kind>archive</kind>
         <file>driverlib.a</file>
         <name>timer.obj</name>
      </input_file>
      <input_file id="fl-ee">
         <path>C:\ti\CC3200SDK_1.3.0\cc3200-sdk\driverlib\ccs\Release\</path>
         <kind>archive</kind>
         <file>driverlib.a</file>
         <name>uart.obj</name>
      </input_file>
      <input_file id="fl-ef">
         <path>C:\ti\CC3200SDK_1.3.0\cc3200-sdk\driverlib\ccs\Release\</path>
         <kind>archive</kind>
         <file>driverlib.a</file>
         <name>utils.obj</name>
      </input_file>
      <input_file id="fl-f0">
         <path>C:\ti\CC3200SDK_1.3.0\cc3200-sdk\driverlib\ccs\Release\</path>
         <kind>archive</kind>
         <file>driverlib.a</file>
         <name>cpu.obj</name>
      </input_file>
      <input_file id="fl-f1">
         <path>C:\ti\CC3200SDK_1.3.0\cc3200-sdk\driverlib\ccs\Release\</path>
         <kind>archive</kind>
         <file>driverlib.a</file>
         <name>flash.obj</name>
      </input_file>
   </input_file_list>
   <object_component_list>
      <object_component id="oc-f">
         <name>.intvecs</name>
         <load_address>0x20004000</load_address>
         <run_address>0x20004000</run_address>
         <size>0x400</size>
         <input_file_ref idref="fl-6"/>
      </object_component>
      <object_component id="oc-341">
         <name>.text</name>
         <load_address>0x20004400</load_address>
         <run_address>0x20004400</run_address>
         <size>0x1122</size>
         <input_file_ref idref="fl-d3"/>
      </object_component>
      <object_component id="oc-398">
         <name>.text:IntDefaultHandler</name>
         <load_address>0x20005522</load_address>
         <run_address>0x20005522</run_address>
         <size>0x2</size>
         <input_file_ref idref="fl-e9"/>
      </object_component>
      <object_component id="oc-126">
         <name>.text</name>
         <load_address>0x20005524</load_address>
         <run_address>0x20005524</run_address>
         <size>0xa80</size>
         <input_file_ref idref="fl-2"/>
      </object_component>
      <object_component id="oc-a8">
         <name>.text</name>
         <load_address>0x20005fa4</load_address>
         <run_address>0x20005fa4</run_address>
         <size>0x96c</size>
         <input_file_ref idref="fl-4"/>
      </object_component>
      <object_component id="oc-1a2">
         <name>.text</name>
         <load_address>0x20006910</load_address>
         <run_address>0x20006910</run_address>
         <size>0x476</size>
         <input_file_ref idref="fl-3"/>
      </object_component>
      <object_component id="oc-59">
         <name>.text</name>
         <load_address>0x20006d86</load_address>
         <run_address>0x20006d86</run_address>
         <size>0x2</size>
         <input_file_ref idref="fl-cd"/>
      </object_component>
      <object_component id="oc-27b">
         <name>.text</name>
         <load_address>0x20006d88</load_address>
         <run_address>0x20006d88</run_address>
         <size>0x3d0</size>
         <input_file_ref idref="fl-cb"/>
      </object_component>
      <object_component id="oc-120">
         <name>.text</name>
         <load_address>0x20007158</load_address>
         <run_address>0x20007158</run_address>
         <size>0x280</size>
         <input_file_ref idref="fl-9"/>
      </object_component>
      <object_component id="oc-39f">
         <name>.text</name>
         <load_address>0x200073d8</load_address>
         <run_address>0x200073d8</run_address>
         <size>0x1f4</size>
         <input_file_ref idref="fl-e5"/>
      </object_component>
      <object_component id="oc-3c8">
         <name>.text</name>
         <load_address>0x200075cc</load_address>
         <run_address>0x200075cc</run_address>
         <size>0x1b6</size>
         <input_file_ref idref="fl-d9"/>
      </object_component>
      <object_component id="oc-a0">
         <name>.text</name>
         <load_address>0x20007782</load_address>
         <run_address>0x20007782</run_address>
         <size>0x2</size>
         <input_file_ref idref="fl-e3"/>
      </object_component>
      <object_component id="oc-10e">
         <name>.text</name>
         <load_address>0x20007784</load_address>
         <run_address>0x20007784</run_address>
         <size>0x198</size>
         <input_file_ref idref="fl-8"/>
      </object_component>
      <object_component id="oc-108">
         <name>.text:PRCMCC3200MCUInit</name>
         <load_address>0x2000791c</load_address>
         <run_address>0x2000791c</run_address>
         <size>0x178</size>
         <input_file_ref idref="fl-eb"/>
      </object_component>
      <object_component id="oc-3ae">
         <name>.text</name>
         <load_address>0x20007a94</load_address>
         <run_address>0x20007a94</run_address>
         <size>0x136</size>
         <input_file_ref idref="fl-db"/>
      </object_component>
      <object_component id="oc-19c">
         <name>.text</name>
         <load_address>0x20007bcc</load_address>
         <run_address>0x20007bcc</run_address>
         <size>0x118</size>
         <input_file_ref idref="fl-5"/>
      </object_component>
      <object_component id="oc-3a9">
         <name>.text</name>
         <load_address>0x20007ce4</load_address>
         <run_address>0x20007ce4</run_address>
         <size>0xfc</size>
         <input_file_ref idref="fl-dc"/>
      </object_component>
      <object_component id="oc-3d3">
         <name>.text</name>
         <load_address>0x20007de0</load_address>
         <run_address>0x20007de0</run_address>
         <size>0xd0</size>
         <input_file_ref idref="fl-e2"/>
      </object_component>
      <object_component id="oc-331">
         <name>.text:IntDisable</name>
         <load_address>0x20007eb0</load_address>
         <run_address>0x20007eb0</run_address>
         <size>0xa8</size>
         <input_file_ref idref="fl-e9"/>
      </object_component>
      <object_component id="oc-102">
         <name>.text:IntEnable</name>
         <load_address>0x20007f58</load_address>
         <run_address>0x20007f58</run_address>
         <size>0xa8</size>
         <input_file_ref idref="fl-e9"/>
      </object_component>
      <object_component id="oc-170">
         <name>.text:SPIConfigSetExpClk</name>
         <load_address>0x20008000</load_address>
         <run_address>0x20008000</run_address>
         <size>0xa0</size>
         <input_file_ref idref="fl-ec"/>
      </object_component>
      <object_component id="oc-41">
         <name>.text</name>
         <load_address>0x200080a0</load_address>
         <run_address>0x200080a0</run_address>
         <size>0x9c</size>
         <input_file_ref idref="fl-c9"/>
      </object_component>
      <object_component id="oc-16a">
         <name>.text:PRCMPeripheralClockGet</name>
         <load_address>0x2000813c</load_address>
         <run_address>0x2000813c</run_address>
         <size>0x94</size>
         <input_file_ref idref="fl-eb"/>
      </object_component>
      <object_component id="oc-373">
         <name>.text:PinConfigSet</name>
         <load_address>0x200081d0</load_address>
         <run_address>0x200081d0</run_address>
         <size>0x88</size>
         <input_file_ref idref="fl-ea"/>
      </object_component>
      <object_component id="oc-25d">
         <name>.text</name>
         <load_address>0x20008258</load_address>
         <run_address>0x20008258</run_address>
         <size>0x88</size>
         <input_file_ref idref="fl-d1"/>
      </object_component>
      <object_component id="oc-3a4">
         <name>.text:__aeabi_cdcmple</name>
         <load_address>0x200082e0</load_address>
         <run_address>0x200082e0</run_address>
         <size>0x86</size>
         <input_file_ref idref="fl-da"/>
      </object_component>
      <object_component id="oc-3b3">
         <name>.text:__aeabi_cdrcmple</name>
         <load_address>0x20008366</load_address>
         <run_address>0x20008366</run_address>
         <size>0x86</size>
         <input_file_ref idref="fl-da"/>
      </object_component>
      <object_component id="oc-1ae">
         <name>.text:GPIOIntTypeSet</name>
         <load_address>0x200083ec</load_address>
         <run_address>0x200083ec</run_address>
         <size>0x82</size>
         <input_file_ref idref="fl-e8"/>
      </object_component>
      <object_component id="oc-4d">
         <name>.text</name>
         <load_address>0x2000846e</load_address>
         <run_address>0x2000846e</run_address>
         <size>0x7a</size>
         <input_file_ref idref="fl-cc"/>
      </object_component>
      <object_component id="oc-17d">
         <name>.text:UARTConfigSetExpClk</name>
         <load_address>0x200084e8</load_address>
         <run_address>0x200084e8</run_address>
         <size>0x76</size>
         <input_file_ref idref="fl-ee"/>
      </object_component>
      <object_component id="oc-23b">
         <name>.text:TimerIntRegister</name>
         <load_address>0x20008560</load_address>
         <run_address>0x20008560</run_address>
         <size>0x70</size>
         <input_file_ref idref="fl-ed"/>
      </object_component>
      <object_component id="oc-65">
         <name>.text</name>
         <load_address>0x200085d0</load_address>
         <run_address>0x200085d0</run_address>
         <size>0x70</size>
         <input_file_ref idref="fl-d6"/>
      </object_component>
      <object_component id="oc-24d">
         <name>.text:TimerIntUnregister</name>
         <load_address>0x20008640</load_address>
         <run_address>0x20008640</run_address>
         <size>0x68</size>
         <input_file_ref idref="fl-ed"/>
      </object_component>
      <object_component id="oc-12">
         <name>.text:decompress:lzss</name>
         <load_address>0x200086a8</load_address>
         <run_address>0x200086a8</run_address>
         <size>0x68</size>
         <input_file_ref idref="fl-c5"/>
      </object_component>
      <object_component id="oc-3cd">
         <name>.text</name>
         <load_address>0x20008710</load_address>
         <run_address>0x20008710</run_address>
         <size>0x5c</size>
         <input_file_ref idref="fl-e1"/>
      </object_component>
      <object_component id="oc-21c">
         <name>.text:PRCMPeripheralReset</name>
         <load_address>0x2000876c</load_address>
         <run_address>0x2000876c</run_address>
         <size>0x58</size>
         <input_file_ref idref="fl-eb"/>
      </object_component>
      <object_component id="oc-235">
         <name>.text:IntPrioritySet</name>
         <load_address>0x200087c4</load_address>
         <run_address>0x200087c4</run_address>
         <size>0x54</size>
         <input_file_ref idref="fl-e9"/>
      </object_component>
      <object_component id="oc-71">
         <name>.text</name>
         <load_address>0x20008818</load_address>
         <run_address>0x20008818</run_address>
         <size>0x54</size>
         <input_file_ref idref="fl-c8"/>
      </object_component>
      <object_component id="oc-3bd">
         <name>.text</name>
         <load_address>0x2000886c</load_address>
         <run_address>0x2000886c</run_address>
         <size>0x54</size>
         <input_file_ref idref="fl-df"/>
      </object_component>
      <object_component id="oc-3df">
         <name>.text</name>
         <load_address>0x200088c0</load_address>
         <run_address>0x200088c0</run_address>
         <size>0x4c</size>
         <input_file_ref idref="fl-d5"/>
      </object_component>
      <object_component id="oc-9a">
         <name>.text</name>
         <load_address>0x2000890c</load_address>
         <run_address>0x2000890c</run_address>
         <size>0x4c</size>
         <input_file_ref idref="fl-d7"/>
      </object_component>
      <object_component id="oc-30a">
         <name>.text:GPIOGetIntNumber</name>
         <load_address>0x20008958</load_address>
         <run_address>0x20008958</run_address>
         <size>0x48</size>
         <input_file_ref idref="fl-e8"/>
      </object_component>
      <object_component id="oc-3b8">
         <name>.text</name>
         <load_address>0x200089a0</load_address>
         <run_address>0x200089a0</run_address>
         <size>0x48</size>
         <input_file_ref idref="fl-dd"/>
      </object_component>
      <object_component id="oc-229">
         <name>.text:TimerConfigure</name>
         <load_address>0x200089e8</load_address>
         <run_address>0x200089e8</run_address>
         <size>0x44</size>
         <input_file_ref idref="fl-ed"/>
      </object_component>
      <object_component id="oc-2bc">
         <name>.text:UARTIntNumberGet</name>
         <load_address>0x20008a2c</load_address>
         <run_address>0x20008a2c</run_address>
         <size>0x44</size>
         <input_file_ref idref="fl-ee"/>
      </object_component>
      <object_component id="oc-2cb">
         <name>.text:PinModeSet</name>
         <load_address>0x20008a70</load_address>
         <run_address>0x20008a70</run_address>
         <size>0x40</size>
         <input_file_ref idref="fl-ea"/>
      </object_component>
      <object_component id="oc-24">
         <name>.text</name>
         <load_address>0x20008ab0</load_address>
         <run_address>0x20008ab0</run_address>
         <size>0x40</size>
         <input_file_ref idref="fl-c4"/>
      </object_component>
      <object_component id="oc-216">
         <name>.text:PRCMPeripheralClkEnable</name>
         <load_address>0x20008af0</load_address>
         <run_address>0x20008af0</run_address>
         <size>0x3c</size>
         <input_file_ref idref="fl-eb"/>
      </object_component>
      <object_component id="oc-2d7">
         <name>.text:GPIODirModeSet</name>
         <load_address>0x20008b2c</load_address>
         <run_address>0x20008b2c</run_address>
         <size>0x36</size>
         <input_file_ref idref="fl-e8"/>
      </object_component>
      <object_component id="oc-2d1">
         <name>.text:PinTypeGPIO</name>
         <load_address>0x20008b62</load_address>
         <run_address>0x20008b62</run_address>
         <size>0x30</size>
         <input_file_ref idref="fl-ea"/>
      </object_component>
      <object_component id="oc-2b3">
         <name>.text:UARTDisable</name>
         <load_address>0x20008b94</load_address>
         <run_address>0x20008b94</run_address>
         <size>0x30</size>
         <input_file_ref idref="fl-ee"/>
      </object_component>
      <object_component id="oc-3c3">
         <name>.text</name>
         <load_address>0x20008bc4</load_address>
         <run_address>0x20008bc4</run_address>
         <size>0x2e</size>
         <input_file_ref idref="fl-de"/>
      </object_component>
      <object_component id="oc-204">
         <name>.text:PRCMSysResetCauseGet</name>
         <load_address>0x20008bf4</load_address>
         <run_address>0x20008bf4</run_address>
         <size>0x2c</size>
         <input_file_ref idref="fl-eb"/>
      </object_component>
      <object_component id="oc-114">
         <name>.text:TimerLoadSet</name>
         <load_address>0x20008c20</load_address>
         <run_address>0x20008c20</run_address>
         <size>0x2a</size>
         <input_file_ref idref="fl-ed"/>
      </object_component>
      <object_component id="oc-22f">
         <name>.text:TimerPrescaleSet</name>
         <load_address>0x20008c4a</load_address>
         <run_address>0x20008c4a</run_address>
         <size>0x2a</size>
         <input_file_ref idref="fl-ed"/>
      </object_component>
      <object_component id="oc-222">
         <name>.text:PRCMPeripheralClkDisable</name>
         <load_address>0x20008c74</load_address>
         <run_address>0x20008c74</run_address>
         <size>0x28</size>
         <input_file_ref idref="fl-eb"/>
      </object_component>
      <object_component id="oc-337">
         <name>.text:IntUnregister</name>
         <load_address>0x20008c9c</load_address>
         <run_address>0x20008c9c</run_address>
         <size>0x24</size>
         <input_file_ref idref="fl-e9"/>
      </object_component>
      <object_component id="oc-183">
         <name>.text:UARTEnable</name>
         <load_address>0x20008cc0</load_address>
         <run_address>0x20008cc0</run_address>
         <size>0x24</size>
         <input_file_ref idref="fl-ee"/>
      </object_component>
      <object_component id="oc-275">
         <name>.text</name>
         <load_address>0x20008ce4</load_address>
         <run_address>0x20008ce4</run_address>
         <size>0x24</size>
         <input_file_ref idref="fl-ca"/>
      </object_component>
      <object_component id="oc-e4">
         <name>.text:GPIOIntStatus</name>
         <load_address>0x20008d08</load_address>
         <run_address>0x20008d08</run_address>
         <size>0x22</size>
         <input_file_ref idref="fl-e8"/>
      </object_component>
      <object_component id="oc-15e">
         <name>.text:SPIReset</name>
         <load_address>0x20008d2a</load_address>
         <run_address>0x20008d2a</run_address>
         <size>0x22</size>
         <input_file_ref idref="fl-ec"/>
      </object_component>
      <object_component id="oc-1ba">
         <name>.text:TimerValueSet</name>
         <load_address>0x20008d4c</load_address>
         <run_address>0x20008d4c</run_address>
         <size>0x22</size>
         <input_file_ref idref="fl-ed"/>
      </object_component>
      <object_component id="oc-2ea">
         <name>.text:GPIOPinWrite</name>
         <load_address>0x20008d6e</load_address>
         <run_address>0x20008d6e</run_address>
         <size>0x20</size>
         <input_file_ref idref="fl-e8"/>
      </object_component>
      <object_component id="oc-2c2">
         <name>.text:IntRegister</name>
         <load_address>0x20008d90</load_address>
         <run_address>0x20008d90</run_address>
         <size>0x20</size>
         <input_file_ref idref="fl-e9"/>
      </object_component>
      <object_component id="oc-2fc">
         <name>.text:SPIDataGet</name>
         <load_address>0x20008db0</load_address>
         <run_address>0x20008db0</run_address>
         <size>0x20</size>
         <input_file_ref idref="fl-ec"/>
      </object_component>
      <object_component id="oc-1a8">
         <name>.text:GPIOIntRegister</name>
         <load_address>0x20008dd0</load_address>
         <run_address>0x20008dd0</run_address>
         <size>0x1e</size>
         <input_file_ref idref="fl-e8"/>
      </object_component>
      <object_component id="oc-2f6">
         <name>.text:SPIDataPut</name>
         <load_address>0x20008dee</load_address>
         <run_address>0x20008dee</run_address>
         <size>0x1e</size>
         <input_file_ref idref="fl-ec"/>
      </object_component>
      <object_component id="oc-f0">
         <name>.text:TimerDisable</name>
         <load_address>0x20008e0c</load_address>
         <run_address>0x20008e0c</run_address>
         <size>0x1e</size>
         <input_file_ref idref="fl-ed"/>
      </object_component>
      <object_component id="oc-11a">
         <name>.text:TimerEnable</name>
         <load_address>0x20008e2a</load_address>
         <run_address>0x20008e2a</run_address>
         <size>0x1e</size>
         <input_file_ref idref="fl-ed"/>
      </object_component>
      <object_component id="oc-d8">
         <name>.text:TimerIntStatus</name>
         <load_address>0x20008e48</load_address>
         <run_address>0x20008e48</run_address>
         <size>0x1e</size>
         <input_file_ref idref="fl-ed"/>
      </object_component>
      <object_component id="oc-136">
         <name>.text:UARTCharPut</name>
         <load_address>0x20008e66</load_address>
         <run_address>0x20008e66</run_address>
         <size>0x1e</size>
         <input_file_ref idref="fl-ee"/>
      </object_component>
      <object_component id="oc-18f">
         <name>.text:UARTIntRegister</name>
         <load_address>0x20008e84</load_address>
         <run_address>0x20008e84</run_address>
         <size>0x1e</size>
         <input_file_ref idref="fl-ee"/>
      </object_component>
      <object_component id="oc-14a">
         <name>.text:UARTIntStatus</name>
         <load_address>0x20008ea2</load_address>
         <run_address>0x20008ea2</run_address>
         <size>0x1e</size>
         <input_file_ref idref="fl-ee"/>
      </object_component>
      <object_component id="oc-253">
         <name>.text:TimerValueGet</name>
         <load_address>0x20008ec0</load_address>
         <run_address>0x20008ec0</run_address>
         <size>0x1c</size>
         <input_file_ref idref="fl-ed"/>
      </object_component>
      <object_component id="oc-269">
         <name>.text:UARTCharGetNonBlocking</name>
         <load_address>0x20008edc</load_address>
         <run_address>0x20008edc</run_address>
         <size>0x1c</size>
         <input_file_ref idref="fl-ee"/>
      </object_component>
      <object_component id="oc-3e5">
         <name>.text</name>
         <load_address>0x20008ef8</load_address>
         <run_address>0x20008ef8</run_address>
         <size>0x1c</size>
         <input_file_ref idref="fl-e0"/>
      </object_component>
      <object_component id="oc-1c2">
         <name>.text:GPIOIntDisable</name>
         <load_address>0x20008f14</load_address>
         <run_address>0x20008f14</run_address>
         <size>0x1a</size>
         <input_file_ref idref="fl-e8"/>
      </object_component>
      <object_component id="oc-1b4">
         <name>.text:GPIOIntEnable</name>
         <load_address>0x20008f2e</load_address>
         <run_address>0x20008f2e</run_address>
         <size>0x1a</size>
         <input_file_ref idref="fl-e8"/>
      </object_component>
      <object_component id="oc-2dd">
         <name>.text:PinTypeSPI</name>
         <load_address>0x20008f48</load_address>
         <run_address>0x20008f48</run_address>
         <size>0x1a</size>
         <input_file_ref idref="fl-ea"/>
      </object_component>
      <object_component id="oc-2e3">
         <name>.text:PinTypeUART</name>
         <load_address>0x20008f62</load_address>
         <run_address>0x20008f62</run_address>
         <size>0x1a</size>
         <input_file_ref idref="fl-ea"/>
      </object_component>
      <object_component id="oc-164">
         <name>.text:SPIFIFOEnable</name>
         <load_address>0x20008f7c</load_address>
         <run_address>0x20008f7c</run_address>
         <size>0x1a</size>
         <input_file_ref idref="fl-ec"/>
      </object_component>
      <object_component id="oc-302">
         <name>.text:SPICSDisable</name>
         <load_address>0x20008f96</load_address>
         <run_address>0x20008f96</run_address>
         <size>0x18</size>
         <input_file_ref idref="fl-ec"/>
      </object_component>
      <object_component id="oc-2f0">
         <name>.text:SPICSEnable</name>
         <load_address>0x20008fae</load_address>
         <run_address>0x20008fae</run_address>
         <size>0x18</size>
         <input_file_ref idref="fl-ec"/>
      </object_component>
      <object_component id="oc-176">
         <name>.text:SPIEnable</name>
         <load_address>0x20008fc6</load_address>
         <run_address>0x20008fc6</run_address>
         <size>0x18</size>
         <input_file_ref idref="fl-ec"/>
      </object_component>
      <object_component id="oc-247">
         <name>.text:TimerIntDisable</name>
         <load_address>0x20008fde</load_address>
         <run_address>0x20008fde</run_address>
         <size>0x18</size>
         <input_file_ref idref="fl-ed"/>
      </object_component>
      <object_component id="oc-241">
         <name>.text:TimerIntEnable</name>
         <load_address>0x20008ff6</load_address>
         <run_address>0x20008ff6</run_address>
         <size>0x18</size>
         <input_file_ref idref="fl-ed"/>
      </object_component>
      <object_component id="oc-263">
         <name>.text:UARTCharsAvail</name>
         <load_address>0x2000900e</load_address>
         <run_address>0x2000900e</run_address>
         <size>0x18</size>
         <input_file_ref idref="fl-ee"/>
      </object_component>
      <object_component id="oc-130">
         <name>.text:UARTIntDisable</name>
         <load_address>0x20009026</load_address>
         <run_address>0x20009026</run_address>
         <size>0x18</size>
         <input_file_ref idref="fl-ee"/>
      </object_component>
      <object_component id="oc-13d">
         <name>.text:UARTIntEnable</name>
         <load_address>0x2000903e</load_address>
         <run_address>0x2000903e</run_address>
         <size>0x18</size>
         <input_file_ref idref="fl-ee"/>
      </object_component>
      <object_component id="oc-6b">
         <name>.text</name>
         <load_address>0x20009058</load_address>
         <run_address>0x20009058</run_address>
         <size>0x18</size>
         <input_file_ref idref="fl-d4"/>
      </object_component>
      <object_component id="oc-20a">
         <name>.text:PRCMHIBRegRead</name>
         <load_address>0x20009070</load_address>
         <run_address>0x20009070</run_address>
         <size>0x16</size>
         <input_file_ref idref="fl-eb"/>
      </object_component>
      <object_component id="oc-210">
         <name>.text:PRCMHIBRegWrite</name>
         <load_address>0x20009086</load_address>
         <run_address>0x20009086</run_address>
         <size>0x16</size>
         <input_file_ref idref="fl-eb"/>
      </object_component>
      <object_component id="oc-156">
         <name>.text:UARTCharGet</name>
         <load_address>0x2000909c</load_address>
         <run_address>0x2000909c</run_address>
         <size>0x16</size>
         <input_file_ref idref="fl-ee"/>
      </object_component>
      <object_component id="oc-189">
         <name>.text:UARTFIFODisable</name>
         <load_address>0x200090b2</load_address>
         <run_address>0x200090b2</run_address>
         <size>0x16</size>
         <input_file_ref idref="fl-ee"/>
      </object_component>
      <object_component id="oc-195">
         <name>.text:UARTFIFOEnable</name>
         <load_address>0x200090c8</load_address>
         <run_address>0x200090c8</run_address>
         <size>0x16</size>
         <input_file_ref idref="fl-ee"/>
      </object_component>
      <object_component id="oc-3d9">
         <name>.text</name>
         <load_address>0x200090de</load_address>
         <run_address>0x200090de</run_address>
         <size>0x16</size>
         <input_file_ref idref="fl-e4"/>
      </object_component>
      <object_component id="oc-1f9">
         <name>.text:CPUcpsie</name>
         <load_address>0x200090f4</load_address>
         <run_address>0x200090f4</run_address>
         <size>0x14</size>
         <input_file_ref idref="fl-f0"/>
      </object_component>
      <object_component id="oc-ea">
         <name>.text:GPIOIntClear</name>
         <load_address>0x20009108</load_address>
         <run_address>0x20009108</run_address>
         <size>0x14</size>
         <input_file_ref idref="fl-e8"/>
      </object_component>
      <object_component id="oc-f6">
         <name>.text:IntVTableBaseSet</name>
         <load_address>0x2000911c</load_address>
         <run_address>0x2000911c</run_address>
         <size>0x14</size>
         <input_file_ref idref="fl-e9"/>
      </object_component>
      <object_component id="oc-1d6">
         <name>.text</name>
         <load_address>0x20009130</load_address>
         <run_address>0x20009130</run_address>
         <size>0x14</size>
         <input_file_ref idref="fl-d2"/>
      </object_component>
      <object_component id="oc-26f">
         <name>.text</name>
         <load_address>0x20009144</load_address>
         <run_address>0x20009144</run_address>
         <size>0x14</size>
         <input_file_ref idref="fl-d0"/>
      </object_component>
      <object_component id="oc-de">
         <name>.text:TimerIntClear</name>
         <load_address>0x20009158</load_address>
         <run_address>0x20009158</run_address>
         <size>0x12</size>
         <input_file_ref idref="fl-ed"/>
      </object_component>
      <object_component id="oc-150">
         <name>.text:UARTIntClear</name>
         <load_address>0x2000916a</load_address>
         <run_address>0x2000916a</run_address>
         <size>0x12</size>
         <input_file_ref idref="fl-ee"/>
      </object_component>
      <object_component id="oc-18">
         <name>.text:decompress:none</name>
         <load_address>0x2000917c</load_address>
         <run_address>0x2000917c</run_address>
         <size>0xe</size>
         <input_file_ref idref="fl-c6"/>
      </object_component>
      <object_component id="oc-2d">
         <name>.text</name>
         <load_address>0x2000918a</load_address>
         <run_address>0x2000918a</run_address>
         <size>0xe</size>
         <input_file_ref idref="fl-6"/>
      </object_component>
      <object_component id="oc-1e">
         <name>.text:decompress:ZI</name>
         <load_address>0x20009198</load_address>
         <run_address>0x20009198</run_address>
         <size>0xc</size>
         <input_file_ref idref="fl-c7"/>
      </object_component>
      <object_component id="oc-fc">
         <name>.text:IntMasterEnable</name>
         <load_address>0x200091a4</load_address>
         <run_address>0x200091a4</run_address>
         <size>0xa</size>
         <input_file_ref idref="fl-e9"/>
      </object_component>
      <object_component id="oc-419">
         <name>.text</name>
         <load_address>0x200091ae</load_address>
         <run_address>0x200091ae</run_address>
         <size>0x8</size>
         <input_file_ref idref="fl-e7"/>
      </object_component>
      <object_component id="oc-13c">
         <name>.text:UtilsDelay</name>
         <load_address>0x200091b6</load_address>
         <run_address>0x200091b6</run_address>
         <size>0x6</size>
         <input_file_ref idref="fl-ef"/>
      </object_component>
      <object_component id="oc-5f">
         <name>.text</name>
         <load_address>0x200091bc</load_address>
         <run_address>0x200091bc</run_address>
         <size>0x4</size>
         <input_file_ref idref="fl-ce"/>
      </object_component>
      <object_component id="oc-290">
         <name>.const:.string:font</name>
         <load_address>0x200091c0</load_address>
         <run_address>0x200091c0</run_address>
         <size>0x4fb</size>
         <input_file_ref idref="fl-2"/>
      </object_component>
      <object_component id="oc-426">
         <name>.const:.string:_ctypes_</name>
         <load_address>0x200096bb</load_address>
         <run_address>0x200096bb</run_address>
         <size>0x101</size>
         <input_file_ref idref="fl-d8"/>
      </object_component>
      <object_component id="oc-36f">
         <name>.const:g_ulPinToPadMap</name>
         <load_address>0x200097bc</load_address>
         <run_address>0x200097bc</run_address>
         <size>0x100</size>
         <input_file_ref idref="fl-ea"/>
      </object_component>
      <object_component id="oc-329">
         <name>.const:g_pulRegs</name>
         <load_address>0x200098bc</load_address>
         <run_address>0x200098bc</run_address>
         <size>0xd4</size>
         <input_file_ref idref="fl-e9"/>
      </object_component>
      <object_component id="oc-320">
         <name>.const:PRCM_PeriphRegsList</name>
         <load_address>0x20009990</load_address>
         <run_address>0x20009990</run_address>
         <size>0xa8</size>
         <input_file_ref idref="fl-eb"/>
      </object_component>
      <object_component id="oc-200">
         <name>.const</name>
         <load_address>0x20009a38</load_address>
         <run_address>0x20009a38</run_address>
         <size>0x80</size>
         <input_file_ref idref="fl-e9"/>
      </object_component>
      <object_component id="oc-368">
         <name>.const</name>
         <load_address>0x20009ab8</load_address>
         <run_address>0x20009ab8</run_address>
         <size>0x10</size>
         <input_file_ref idref="fl-ee"/>
      </object_component>
      <object_component id="oc-46b">
         <name>.cinit..data.load</name>
         <load_address>0x20009ac8</load_address>
         <run_address>0x20009ac8</run_address>
         <size>0x89</size>
      </object_component>
      <object_component id="oc-469">
         <name>__TI_handler_table</name>
         <load_address>0x20009b54</load_address>
         <run_address>0x20009b54</run_address>
         <size>0xc</size>
      </object_component>
      <object_component id="oc-46c">
         <name>.cinit..bss.load</name>
         <load_address>0x20009b60</load_address>
         <run_address>0x20009b60</run_address>
         <size>0x8</size>
      </object_component>
      <object_component id="oc-46a">
         <name>__TI_cinit_table</name>
         <load_address>0x20009b68</load_address>
         <run_address>0x20009b68</run_address>
         <size>0x10</size>
      </object_component>
      <object_component id="oc-293">
         <name>.data</name>
         <load_address>0x2001de90</load_address>
         <run_address>0x2001de90</run_address>
         <size>0x15</size>
         <input_file_ref idref="fl-2"/>
      </object_component>
      <object_component id="oc-143">
         <name>.data:buttons</name>
         <load_address>0x2001d800</load_address>
         <run_address>0x2001d800</run_address>
         <size>0x690</size>
         <input_file_ref idref="fl-4"/>
      </object_component>
      <object_component id="oc-147">
         <name>.data:gpioin</name>
         <load_address>0x2001dec8</load_address>
         <run_address>0x2001dec8</run_address>
         <size>0x8</size>
         <input_file_ref idref="fl-4"/>
      </object_component>
      <object_component id="oc-b0">
         <name>.data:$O1$$</name>
         <load_address>0x2001dea8</load_address>
         <run_address>0x2001dea8</run_address>
         <size>0xc</size>
         <input_file_ref idref="fl-c8"/>
      </object_component>
      <object_component id="oc-359">
         <name>.data:$O1$$</name>
         <load_address>0x2001deb4</load_address>
         <run_address>0x2001deb4</run_address>
         <size>0xc</size>
         <input_file_ref idref="fl-cb"/>
      </object_component>
      <object_component id="oc-77">
         <name>.data</name>
         <load_address>0x2001ded4</load_address>
         <run_address>0x2001ded4</run_address>
         <size>0x4</size>
         <input_file_ref idref="fl-cf"/>
      </object_component>
      <object_component id="oc-b3">
         <name>.data:$O1$$</name>
         <load_address>0x2001dec0</load_address>
         <run_address>0x2001dec0</run_address>
         <size>0x8</size>
         <input_file_ref idref="fl-d2"/>
      </object_component>
      <object_component id="oc-41f">
         <name>.data</name>
         <load_address>0x2001ded0</load_address>
         <run_address>0x2001ded0</run_address>
         <size>0x4</size>
         <input_file_ref idref="fl-e6"/>
      </object_component>
      <object_component id="oc-281">
         <name>.bss</name>
         <uninitialized>true</uninitialized>
         <run_address>0x2001e0fc</run_address>
         <size>0x4</size>
         <input_file_ref idref="fl-9"/>
      </object_component>
      <object_component id="oc-15c">
         <name>.common:time</name>
         <uninitialized>true</uninitialized>
         <run_address>0x2001e118</run_address>
         <size>0x4</size>
      </object_component>
      <object_component id="oc-15d">
         <name>.common:interruptCounter</name>
         <uninitialized>true</uninitialized>
         <run_address>0x2001e108</run_address>
         <size>0x4</size>
      </object_component>
      <object_component id="oc-1ca">
         <name>.common:pulseCounter</name>
         <uninitialized>true</uninitialized>
         <run_address>0x2001e10c</run_address>
         <size>0x4</size>
      </object_component>
      <object_component id="oc-1cb">
         <name>.common:currRead</name>
         <uninitialized>true</uninitialized>
         <run_address>0x2001e11c</run_address>
         <size>0x1</size>
      </object_component>
      <object_component id="oc-1c1">
         <name>.common:buffer</name>
         <uninitialized>true</uninitialized>
         <run_address>0x2001e07c</run_address>
         <size>0x40</size>
      </object_component>
      <object_component id="oc-1c8">
         <name>.common:receiverBuffer</name>
         <uninitialized>true</uninitialized>
         <run_address>0x2001e0bc</run_address>
         <size>0x40</size>
      </object_component>
      <object_component id="oc-12c">
         <name>.common:_time</name>
         <uninitialized>true</uninitialized>
         <run_address>0x2001e104</run_address>
         <size>0x4</size>
      </object_component>
      <object_component id="oc-12f">
         <name>.common:_readTime</name>
         <uninitialized>true</uninitialized>
         <run_address>0x2001e100</run_address>
         <size>0x4</size>
      </object_component>
      <object_component id="oc-19b">
         <name>.common:timeInterval</name>
         <uninitialized>true</uninitialized>
         <run_address>0x2001df64</run_address>
         <size>0x8c</size>
      </object_component>
      <object_component id="oc-17c">
         <name>.common:timeOfInterrupt</name>
         <uninitialized>true</uninitialized>
         <run_address>0x2001dff0</run_address>
         <size>0x8c</size>
      </object_component>
      <object_component id="oc-146">
         <name>.common:bitSequence</name>
         <uninitialized>true</uninitialized>
         <run_address>0x2001ded8</run_address>
         <size>0x8c</size>
      </object_component>
      <object_component id="oc-1c9">
         <name>.common:receiverLineNumber</name>
         <uninitialized>true</uninitialized>
         <run_address>0x2001e114</run_address>
         <size>0x4</size>
      </object_component>
      <object_component id="oc-1c0">
         <name>.common:readIndex</name>
         <uninitialized>true</uninitialized>
         <run_address>0x2001e110</run_address>
         <size>0x4</size>
      </object_component>
      <object_component id="oc-2a">
         <name>.sysmem</name>
         <uninitialized>true</uninitialized>
         <run_address>0x2001d000</run_address>
         <size>0x8</size>
         <input_file_ref idref="fl-cb"/>
      </object_component>
      <object_component id="oc-46e">
         <name>.sysmem</name>
         <uninitialized>true</uninitialized>
         <run_address>0x2001d000</run_address>
         <size>0x0</size>
      </object_component>
      <object_component id="oc-29">
         <name>.stack</name>
         <uninitialized>true</uninitialized>
         <run_address>0x2003f800</run_address>
         <size>0x0</size>
         <input_file_ref idref="fl-c4"/>
      </object_component>
      <object_component id="oc-46d">
         <name>.stack</name>
         <uninitialized>true</uninitialized>
         <run_address>0x2003f800</run_address>
         <size>0x0</size>
      </object_component>
      <object_component id="oc-297">
         <name>.debug_info</name>
         <load_address>0x0</load_address>
         <run_address>0x0</run_address>
         <size>0x230</size>
         <input_file_ref idref="fl-2"/>
      </object_component>
      <object_component id="oc-291">
         <name>.debug_info</name>
         <load_address>0x230</load_address>
         <run_address>0x230</run_address>
         <size>0xc9</size>
         <input_file_ref idref="fl-2"/>
      </object_component>
      <object_component id="oc-294">
         <name>.debug_info</name>
         <load_address>0x2f9</load_address>
         <run_address>0x2f9</run_address>
         <size>0x177</size>
         <input_file_ref idref="fl-2"/>
      </object_component>
      <object_component id="oc-127">
         <name>.debug_info</name>
         <load_address>0x470</load_address>
         <run_address>0x470</run_address>
         <size>0x14d3</size>
         <input_file_ref idref="fl-2"/>
      </object_component>
      <object_component id="oc-3c">
         <name>.debug_info</name>
         <load_address>0x1943</load_address>
         <run_address>0x1943</run_address>
         <size>0x84</size>
         <input_file_ref idref="fl-2"/>
      </object_component>
      <object_component id="oc-309">
         <name>.debug_info</name>
         <load_address>0x19c7</load_address>
         <run_address>0x19c7</run_address>
         <size>0x212</size>
         <input_file_ref idref="fl-3"/>
      </object_component>
      <object_component id="oc-1a3">
         <name>.debug_info</name>
         <load_address>0x1bd9</load_address>
         <run_address>0x1bd9</run_address>
         <size>0xe0c</size>
         <input_file_ref idref="fl-3"/>
      </object_component>
      <object_component id="oc-38e">
         <name>.debug_info</name>
         <load_address>0x29e5</load_address>
         <run_address>0x29e5</run_address>
         <size>0x62</size>
         <input_file_ref idref="fl-3"/>
      </object_component>
      <object_component id="oc-1ef">
         <name>.debug_info</name>
         <load_address>0x2a47</load_address>
         <run_address>0x2a47</run_address>
         <size>0x2c</size>
         <input_file_ref idref="fl-3"/>
      </object_component>
      <object_component id="oc-91">
         <name>.debug_info</name>
         <load_address>0x2a73</load_address>
         <run_address>0x2a73</run_address>
         <size>0x2c</size>
         <input_file_ref idref="fl-3"/>
      </object_component>
      <object_component id="oc-12d">
         <name>.debug_info</name>
         <load_address>0x2a9f</load_address>
         <run_address>0x2a9f</run_address>
         <size>0xbfa</size>
         <input_file_ref idref="fl-4"/>
      </object_component>
      <object_component id="oc-144">
         <name>.debug_info</name>
         <load_address>0x3699</load_address>
         <run_address>0x3699</run_address>
         <size>0xc8</size>
         <input_file_ref idref="fl-4"/>
      </object_component>
      <object_component id="oc-148">
         <name>.debug_info</name>
         <load_address>0x3761</load_address>
         <run_address>0x3761</run_address>
         <size>0xc5</size>
         <input_file_ref idref="fl-4"/>
      </object_component>
      <object_component id="oc-a9">
         <name>.debug_info</name>
         <load_address>0x3826</load_address>
         <run_address>0x3826</run_address>
         <size>0xd31</size>
         <input_file_ref idref="fl-4"/>
      </object_component>
      <object_component id="oc-29a">
         <name>.debug_info</name>
         <load_address>0x4557</load_address>
         <run_address>0x4557</run_address>
         <size>0xc8</size>
         <input_file_ref idref="fl-4"/>
      </object_component>
      <object_component id="oc-2a6">
         <name>.debug_info</name>
         <load_address>0x461f</load_address>
         <run_address>0x461f</run_address>
         <size>0x62</size>
         <input_file_ref idref="fl-4"/>
      </object_component>
      <object_component id="oc-286">
         <name>.debug_info</name>
         <load_address>0x4681</load_address>
         <run_address>0x4681</run_address>
         <size>0x4e</size>
         <input_file_ref idref="fl-4"/>
      </object_component>
      <object_component id="oc-19f">
         <name>.debug_info</name>
         <load_address>0x46cf</load_address>
         <run_address>0x46cf</run_address>
         <size>0x38e</size>
         <input_file_ref idref="fl-5"/>
      </object_component>
      <object_component id="oc-35">
         <name>.debug_info</name>
         <load_address>0x4a5d</load_address>
         <run_address>0x4a5d</run_address>
         <size>0x187</size>
         <input_file_ref idref="fl-6"/>
      </object_component>
      <object_component id="oc-10">
         <name>.debug_info</name>
         <load_address>0x4be4</load_address>
         <run_address>0x4be4</run_address>
         <size>0x106</size>
         <input_file_ref idref="fl-6"/>
      </object_component>
      <object_component id="oc-31">
         <name>.debug_info</name>
         <load_address>0x4cea</load_address>
         <run_address>0x4cea</run_address>
         <size>0x427</size>
         <input_file_ref idref="fl-6"/>
      </object_component>
      <object_component id="oc-25a">
         <name>.debug_info</name>
         <load_address>0x5111</load_address>
         <run_address>0x5111</run_address>
         <size>0x44c</size>
         <input_file_ref idref="fl-8"/>
      </object_component>
      <object_component id="oc-112">
         <name>.debug_info</name>
         <load_address>0x555d</load_address>
         <run_address>0x555d</run_address>
         <size>0x9fc</size>
         <input_file_ref idref="fl-8"/>
      </object_component>
      <object_component id="oc-285">
         <name>.debug_info</name>
         <load_address>0x5f59</load_address>
         <run_address>0x5f59</run_address>
         <size>0x3bc</size>
         <input_file_ref idref="fl-9"/>
      </object_component>
      <object_component id="oc-282">
         <name>.debug_info</name>
         <load_address>0x6315</load_address>
         <run_address>0x6315</run_address>
         <size>0xd0</size>
         <input_file_ref idref="fl-9"/>
      </object_component>
      <object_component id="oc-124">
         <name>.debug_info</name>
         <load_address>0x63e5</load_address>
         <run_address>0x63e5</run_address>
         <size>0x636</size>
         <input_file_ref idref="fl-9"/>
      </object_component>
      <object_component id="oc-28b">
         <name>.debug_info</name>
         <load_address>0x6a1b</load_address>
         <run_address>0x6a1b</run_address>
         <size>0x110</size>
         <input_file_ref idref="fl-9"/>
      </object_component>
      <object_component id="oc-26">
         <name>.debug_info</name>
         <load_address>0x6b2b</load_address>
         <run_address>0x6b2b</run_address>
         <size>0x160</size>
         <input_file_ref idref="fl-c4"/>
      </object_component>
      <object_component id="oc-87">
         <name>.debug_info</name>
         <load_address>0x6c8b</load_address>
         <run_address>0x6c8b</run_address>
         <size>0x165</size>
         <input_file_ref idref="fl-c5"/>
      </object_component>
      <object_component id="oc-13">
         <name>.debug_info</name>
         <load_address>0x6df0</load_address>
         <run_address>0x6df0</run_address>
         <size>0x245</size>
         <input_file_ref idref="fl-c5"/>
      </object_component>
      <object_component id="oc-37">
         <name>.debug_info</name>
         <load_address>0x7035</load_address>
         <run_address>0x7035</run_address>
         <size>0x60</size>
         <input_file_ref idref="fl-c5"/>
      </object_component>
      <object_component id="oc-82">
         <name>.debug_info</name>
         <load_address>0x7095</load_address>
         <run_address>0x7095</run_address>
         <size>0x46</size>
         <input_file_ref idref="fl-c5"/>
      </object_component>
      <object_component id="oc-4c">
         <name>.debug_info</name>
         <load_address>0x70db</load_address>
         <run_address>0x70db</run_address>
         <size>0x1ac</size>
         <input_file_ref idref="fl-c6"/>
      </object_component>
      <object_component id="oc-1c">
         <name>.debug_info</name>
         <load_address>0x7287</load_address>
         <run_address>0x7287</run_address>
         <size>0x1df</size>
         <input_file_ref idref="fl-c6"/>
      </object_component>
      <object_component id="oc-47">
         <name>.debug_info</name>
         <load_address>0x7466</load_address>
         <run_address>0x7466</run_address>
         <size>0x46</size>
         <input_file_ref idref="fl-c6"/>
      </object_component>
      <object_component id="oc-89">
         <name>.debug_info</name>
         <load_address>0x74ac</load_address>
         <run_address>0x74ac</run_address>
         <size>0x2c</size>
         <input_file_ref idref="fl-c6"/>
      </object_component>
      <object_component id="oc-58">
         <name>.debug_info</name>
         <load_address>0x74d8</load_address>
         <run_address>0x74d8</run_address>
         <size>0x19b</size>
         <input_file_ref idref="fl-c7"/>
      </object_component>
      <object_component id="oc-22">
         <name>.debug_info</name>
         <load_address>0x7673</load_address>
         <run_address>0x7673</run_address>
         <size>0x1aa</size>
         <input_file_ref idref="fl-c7"/>
      </object_component>
      <object_component id="oc-53">
         <name>.debug_info</name>
         <load_address>0x781d</load_address>
         <run_address>0x781d</run_address>
         <size>0x46</size>
         <input_file_ref idref="fl-c7"/>
      </object_component>
      <object_component id="oc-b7">
         <name>.debug_info</name>
         <load_address>0x7863</load_address>
         <run_address>0x7863</run_address>
         <size>0x2a0</size>
         <input_file_ref idref="fl-c8"/>
      </object_component>
      <object_component id="oc-b1">
         <name>.debug_info</name>
         <load_address>0x7b03</load_address>
         <run_address>0x7b03</run_address>
         <size>0x185</size>
         <input_file_ref idref="fl-c8"/>
      </object_component>
      <object_component id="oc-75">
         <name>.debug_info</name>
         <load_address>0x7c88</load_address>
         <run_address>0x7c88</run_address>
         <size>0x214</size>
         <input_file_ref idref="fl-c8"/>
      </object_component>
      <object_component id="oc-44">
         <name>.debug_info</name>
         <load_address>0x7e9c</load_address>
         <run_address>0x7e9c</run_address>
         <size>0x111</size>
         <input_file_ref idref="fl-c9"/>
      </object_component>
      <object_component id="oc-358">
         <name>.debug_info</name>
         <load_address>0x7fad</load_address>
         <run_address>0x7fad</run_address>
         <size>0x198</size>
         <input_file_ref idref="fl-ca"/>
      </object_component>
      <object_component id="oc-276">
         <name>.debug_info</name>
         <load_address>0x8145</load_address>
         <run_address>0x8145</run_address>
         <size>0x1ab</size>
         <input_file_ref idref="fl-ca"/>
      </object_component>
      <object_component id="oc-7d">
         <name>.debug_info</name>
         <load_address>0x82f0</load_address>
         <run_address>0x82f0</run_address>
         <size>0x28e</size>
         <input_file_ref idref="fl-cb"/>
      </object_component>
      <object_component id="oc-2b">
         <name>.debug_info</name>
         <load_address>0x857e</load_address>
         <run_address>0x857e</run_address>
         <size>0x101</size>
         <input_file_ref idref="fl-cb"/>
      </object_component>
      <object_component id="oc-35a">
         <name>.debug_info</name>
         <load_address>0x867f</load_address>
         <run_address>0x867f</run_address>
         <size>0x14c</size>
         <input_file_ref idref="fl-cb"/>
      </object_component>
      <object_component id="oc-27c">
         <name>.debug_info</name>
         <load_address>0x87cb</load_address>
         <run_address>0x87cb</run_address>
         <size>0x885</size>
         <input_file_ref idref="fl-cb"/>
      </object_component>
      <object_component id="oc-bd">
         <name>.debug_info</name>
         <load_address>0x9050</load_address>
         <run_address>0x9050</run_address>
         <size>0x2c</size>
         <input_file_ref idref="fl-cb"/>
      </object_component>
      <object_component id="oc-c2">
         <name>.debug_info</name>
         <load_address>0x907c</load_address>
         <run_address>0x907c</run_address>
         <size>0x62</size>
         <input_file_ref idref="fl-cb"/>
      </object_component>
      <object_component id="oc-50">
         <name>.debug_info</name>
         <load_address>0x90de</load_address>
         <run_address>0x90de</run_address>
         <size>0x13f</size>
         <input_file_ref idref="fl-cc"/>
      </object_component>
      <object_component id="oc-5b">
         <name>.debug_info</name>
         <load_address>0x921d</load_address>
         <run_address>0x921d</run_address>
         <size>0x138</size>
         <input_file_ref idref="fl-cd"/>
      </object_component>
      <object_component id="oc-61">
         <name>.debug_info</name>
         <load_address>0x9355</load_address>
         <run_address>0x9355</run_address>
         <size>0x148</size>
         <input_file_ref idref="fl-ce"/>
      </object_component>
      <object_component id="oc-78">
         <name>.debug_info</name>
         <load_address>0x949d</load_address>
         <run_address>0x949d</run_address>
         <size>0x109</size>
         <input_file_ref idref="fl-cf"/>
      </object_component>
      <object_component id="oc-356">
         <name>.debug_info</name>
         <load_address>0x95a6</load_address>
         <run_address>0x95a6</run_address>
         <size>0x156</size>
         <input_file_ref idref="fl-d0"/>
      </object_component>
      <object_component id="oc-270">
         <name>.debug_info</name>
         <load_address>0x96fc</load_address>
         <run_address>0x96fc</run_address>
         <size>0x22a</size>
         <input_file_ref idref="fl-d0"/>
      </object_component>
      <object_component id="oc-348">
         <name>.debug_info</name>
         <load_address>0x9926</load_address>
         <run_address>0x9926</run_address>
         <size>0x234</size>
         <input_file_ref idref="fl-d1"/>
      </object_component>
      <object_component id="oc-25f">
         <name>.debug_info</name>
         <load_address>0x9b5a</load_address>
         <run_address>0x9b5a</run_address>
         <size>0x35c</size>
         <input_file_ref idref="fl-d1"/>
      </object_component>
      <object_component id="oc-349">
         <name>.debug_info</name>
         <load_address>0x9eb6</load_address>
         <run_address>0x9eb6</run_address>
         <size>0x2c</size>
         <input_file_ref idref="fl-d1"/>
      </object_component>
      <object_component id="oc-34e">
         <name>.debug_info</name>
         <load_address>0x9ee2</load_address>
         <run_address>0x9ee2</run_address>
         <size>0x69</size>
         <input_file_ref idref="fl-d1"/>
      </object_component>
      <object_component id="oc-1de">
         <name>.debug_info</name>
         <load_address>0x9f4b</load_address>
         <run_address>0x9f4b</run_address>
         <size>0x190</size>
         <input_file_ref idref="fl-d2"/>
      </object_component>
      <object_component id="oc-b4">
         <name>.debug_info</name>
         <load_address>0xa0db</load_address>
         <run_address>0xa0db</run_address>
         <size>0x113</size>
         <input_file_ref idref="fl-d2"/>
      </object_component>
      <object_component id="oc-1d7">
         <name>.debug_info</name>
         <load_address>0xa1ee</load_address>
         <run_address>0xa1ee</run_address>
         <size>0x21f</size>
         <input_file_ref idref="fl-d2"/>
      </object_component>
      <object_component id="oc-3ec">
         <name>.debug_info</name>
         <load_address>0xa40d</load_address>
         <run_address>0xa40d</run_address>
         <size>0x3f1</size>
         <input_file_ref idref="fl-d3"/>
      </object_component>
      <object_component id="oc-344">
         <name>.debug_info</name>
         <load_address>0xa7fe</load_address>
         <run_address>0xa7fe</run_address>
         <size>0x1554</size>
         <input_file_ref idref="fl-d3"/>
      </object_component>
      <object_component id="oc-3ed">
         <name>.debug_info</name>
         <load_address>0xbd52</load_address>
         <run_address>0xbd52</run_address>
         <size>0x86</size>
         <input_file_ref idref="fl-d3"/>
      </object_component>
      <object_component id="oc-42f">
         <name>.debug_info</name>
         <load_address>0xbdd8</load_address>
         <run_address>0xbdd8</run_address>
         <size>0x46</size>
         <input_file_ref idref="fl-d3"/>
      </object_component>
      <object_component id="oc-3f2">
         <name>.debug_info</name>
         <load_address>0xbe1e</load_address>
         <run_address>0xbe1e</run_address>
         <size>0x39</size>
         <input_file_ref idref="fl-d3"/>
      </object_component>
      <object_component id="oc-af">
         <name>.debug_info</name>
         <load_address>0xbe57</load_address>
         <run_address>0xbe57</run_address>
         <size>0x1d2</size>
         <input_file_ref idref="fl-d4"/>
      </object_component>
      <object_component id="oc-6c">
         <name>.debug_info</name>
         <load_address>0xc029</load_address>
         <run_address>0xc029</run_address>
         <size>0x167</size>
         <input_file_ref idref="fl-d4"/>
      </object_component>
      <object_component id="oc-1cf">
         <name>.debug_info</name>
         <load_address>0xc190</load_address>
         <run_address>0xc190</run_address>
         <size>0x5e</size>
         <input_file_ref idref="fl-d4"/>
      </object_component>
      <object_component id="oc-42a">
         <name>.debug_info</name>
         <load_address>0xc1ee</load_address>
         <run_address>0xc1ee</run_address>
         <size>0x180</size>
         <input_file_ref idref="fl-d5"/>
      </object_component>
      <object_component id="oc-3e2">
         <name>.debug_info</name>
         <load_address>0xc36e</load_address>
         <run_address>0xc36e</run_address>
         <size>0x171</size>
         <input_file_ref idref="fl-d5"/>
      </object_component>
      <object_component id="oc-a7">
         <name>.debug_info</name>
         <load_address>0xc4df</load_address>
         <run_address>0xc4df</run_address>
         <size>0x355</size>
         <input_file_ref idref="fl-d6"/>
      </object_component>
      <object_component id="oc-67">
         <name>.debug_info</name>
         <load_address>0xc834</load_address>
         <run_address>0xc834</run_address>
         <size>0x190</size>
         <input_file_ref idref="fl-d6"/>
      </object_component>
      <object_component id="oc-ce">
         <name>.debug_info</name>
         <load_address>0xc9c4</load_address>
         <run_address>0xc9c4</run_address>
         <size>0x39</size>
         <input_file_ref idref="fl-d6"/>
      </object_component>
      <object_component id="oc-1e9">
         <name>.debug_info</name>
         <load_address>0xc9fd</load_address>
         <run_address>0xc9fd</run_address>
         <size>0x39</size>
         <input_file_ref idref="fl-d6"/>
      </object_component>
      <object_component id="oc-d3">
         <name>.debug_info</name>
         <load_address>0xca36</load_address>
         <run_address>0xca36</run_address>
         <size>0xcd</size>
         <input_file_ref idref="fl-d6"/>
      </object_component>
      <object_component id="oc-ca">
         <name>.debug_info</name>
         <load_address>0xcb03</load_address>
         <run_address>0xcb03</run_address>
         <size>0x24c</size>
         <input_file_ref idref="fl-d7"/>
      </object_component>
      <object_component id="oc-9b">
         <name>.debug_info</name>
         <load_address>0xcd4f</load_address>
         <run_address>0xcd4f</run_address>
         <size>0x183</size>
         <input_file_ref idref="fl-d7"/>
      </object_component>
      <object_component id="oc-1e4">
         <name>.debug_info</name>
         <load_address>0xced2</load_address>
         <run_address>0xced2</run_address>
         <size>0x2c</size>
         <input_file_ref idref="fl-d7"/>
      </object_component>
      <object_component id="oc-443">
         <name>.debug_info</name>
         <load_address>0xcefe</load_address>
         <run_address>0xcefe</run_address>
         <size>0xee</size>
         <input_file_ref idref="fl-d8"/>
      </object_component>
      <object_component id="oc-427">
         <name>.debug_info</name>
         <load_address>0xcfec</load_address>
         <run_address>0xcfec</run_address>
         <size>0xfa</size>
         <input_file_ref idref="fl-d8"/>
      </object_component>
      <object_component id="oc-3c9">
         <name>.debug_info</name>
         <load_address>0xd0e6</load_address>
         <run_address>0xd0e6</run_address>
         <size>0x144</size>
         <input_file_ref idref="fl-d9"/>
      </object_component>
      <object_component id="oc-3a6">
         <name>.debug_info</name>
         <load_address>0xd22a</load_address>
         <run_address>0xd22a</run_address>
         <size>0x120</size>
         <input_file_ref idref="fl-da"/>
      </object_component>
      <object_component id="oc-3b5">
         <name>.debug_info</name>
         <load_address>0xd34a</load_address>
         <run_address>0xd34a</run_address>
         <size>0x122</size>
         <input_file_ref idref="fl-da"/>
      </object_component>
      <object_component id="oc-3af">
         <name>.debug_info</name>
         <load_address>0xd46c</load_address>
         <run_address>0xd46c</run_address>
         <size>0x132</size>
         <input_file_ref idref="fl-db"/>
      </object_component>
      <object_component id="oc-3aa">
         <name>.debug_info</name>
         <load_address>0xd59e</load_address>
         <run_address>0xd59e</run_address>
         <size>0x132</size>
         <input_file_ref idref="fl-dc"/>
      </object_component>
      <object_component id="oc-3ba">
         <name>.debug_info</name>
         <load_address>0xd6d0</load_address>
         <run_address>0xd6d0</run_address>
         <size>0x126</size>
         <input_file_ref idref="fl-dd"/>
      </object_component>
      <object_component id="oc-3c6">
         <name>.debug_info</name>
         <load_address>0xd7f6</load_address>
         <run_address>0xd7f6</run_address>
         <size>0x124</size>
         <input_file_ref idref="fl-de"/>
      </object_component>
      <object_component id="oc-40f">
         <name>.debug_info</name>
         <load_address>0xd91a</load_address>
         <run_address>0xd91a</run_address>
         <size>0x1b8</size>
         <input_file_ref idref="fl-df"/>
      </object_component>
      <object_component id="oc-3c0">
         <name>.debug_info</name>
         <load_address>0xdad2</load_address>
         <run_address>0xdad2</run_address>
         <size>0x1c2</size>
         <input_file_ref idref="fl-df"/>
      </object_component>
      <object_component id="oc-42c">
         <name>.debug_info</name>
         <load_address>0xdc94</load_address>
         <run_address>0xdc94</run_address>
         <size>0x15d</size>
         <input_file_ref idref="fl-e0"/>
      </object_component>
      <object_component id="oc-3e7">
         <name>.debug_info</name>
         <load_address>0xddf1</load_address>
         <run_address>0xddf1</run_address>
         <size>0x1ab</size>
         <input_file_ref idref="fl-e0"/>
      </object_component>
      <object_component id="oc-413">
         <name>.debug_info</name>
         <load_address>0xdf9c</load_address>
         <run_address>0xdf9c</run_address>
         <size>0x1ab</size>
         <input_file_ref idref="fl-e1"/>
      </object_component>
      <object_component id="oc-3ce">
         <name>.debug_info</name>
         <load_address>0xe147</load_address>
         <run_address>0xe147</run_address>
         <size>0x189</size>
         <input_file_ref idref="fl-e1"/>
      </object_component>
      <object_component id="oc-414">
         <name>.debug_info</name>
         <load_address>0xe2d0</load_address>
         <run_address>0xe2d0</run_address>
         <size>0x2c</size>
         <input_file_ref idref="fl-e1"/>
      </object_component>
      <object_component id="oc-423">
         <name>.debug_info</name>
         <load_address>0xe2fc</load_address>
         <run_address>0xe2fc</run_address>
         <size>0x1e8</size>
         <input_file_ref idref="fl-e2"/>
      </object_component>
      <object_component id="oc-3d6">
         <name>.debug_info</name>
         <load_address>0xe4e4</load_address>
         <run_address>0xe4e4</run_address>
         <size>0x1e6</size>
         <input_file_ref idref="fl-e2"/>
      </object_component>
      <object_component id="oc-a2">
         <name>.debug_info</name>
         <load_address>0xe6ca</load_address>
         <run_address>0xe6ca</run_address>
         <size>0x145</size>
         <input_file_ref idref="fl-e3"/>
      </object_component>
      <object_component id="oc-425">
         <name>.debug_info</name>
         <load_address>0xe80f</load_address>
         <run_address>0xe80f</run_address>
         <size>0x161</size>
         <input_file_ref idref="fl-e4"/>
      </object_component>
      <object_component id="oc-3db">
         <name>.debug_info</name>
         <load_address>0xe970</load_address>
         <run_address>0xe970</run_address>
         <size>0x244</size>
         <input_file_ref idref="fl-e4"/>
      </object_component>
      <object_component id="oc-3a0">
         <name>.debug_info</name>
         <load_address>0xebb4</load_address>
         <run_address>0xebb4</run_address>
         <size>0x17d</size>
         <input_file_ref idref="fl-e5"/>
      </object_component>
      <object_component id="oc-420">
         <name>.debug_info</name>
         <load_address>0xed31</load_address>
         <run_address>0xed31</run_address>
         <size>0xf3</size>
         <input_file_ref idref="fl-e6"/>
      </object_component>
      <object_component id="oc-41b">
         <name>.debug_info</name>
         <load_address>0xee24</load_address>
         <run_address>0xee24</run_address>
         <size>0x154</size>
         <input_file_ref idref="fl-e7"/>
      </object_component>
      <object_component id="oc-311">
         <name>.debug_info</name>
         <load_address>0xef78</load_address>
         <run_address>0xef78</run_address>
         <size>0x17a</size>
         <input_file_ref idref="fl-e8"/>
      </object_component>
      <object_component id="oc-30c">
         <name>.debug_info</name>
         <load_address>0xf0f2</load_address>
         <run_address>0xf0f2</run_address>
         <size>0x1aa</size>
         <input_file_ref idref="fl-e8"/>
      </object_component>
      <object_component id="oc-2d8">
         <name>.debug_info</name>
         <load_address>0xf29c</load_address>
         <run_address>0xf29c</run_address>
         <size>0x1e9</size>
         <input_file_ref idref="fl-e8"/>
      </object_component>
      <object_component id="oc-1af">
         <name>.debug_info</name>
         <load_address>0xf485</load_address>
         <run_address>0xf485</run_address>
         <size>0x1f4</size>
         <input_file_ref idref="fl-e8"/>
      </object_component>
      <object_component id="oc-1b5">
         <name>.debug_info</name>
         <load_address>0xf679</load_address>
         <run_address>0xf679</run_address>
         <size>0x1cb</size>
         <input_file_ref idref="fl-e8"/>
      </object_component>
      <object_component id="oc-1c3">
         <name>.debug_info</name>
         <load_address>0xf844</load_address>
         <run_address>0xf844</run_address>
         <size>0x1cd</size>
         <input_file_ref idref="fl-e8"/>
      </object_component>
      <object_component id="oc-e5">
         <name>.debug_info</name>
         <load_address>0xfa11</load_address>
         <run_address>0xfa11</run_address>
         <size>0x1c3</size>
         <input_file_ref idref="fl-e8"/>
      </object_component>
      <object_component id="oc-eb">
         <name>.debug_info</name>
         <load_address>0xfbd4</load_address>
         <run_address>0xfbd4</run_address>
         <size>0x1c9</size>
         <input_file_ref idref="fl-e8"/>
      </object_component>
      <object_component id="oc-1a9">
         <name>.debug_info</name>
         <load_address>0xfd9d</load_address>
         <run_address>0xfd9d</run_address>
         <size>0x214</size>
         <input_file_ref idref="fl-e8"/>
      </object_component>
      <object_component id="oc-2eb">
         <name>.debug_info</name>
         <load_address>0xffb1</load_address>
         <run_address>0xffb1</run_address>
[...]
         <name>__aeabi_memcpy</name>
         <value>0x200080a1</value>
         <object_component_ref idref="oc-41"/>
      </symbol>
      <symbol id="sm-330">
         <name>__aeabi_memcpy8</name>
         <value>0x200080a1</value>
         <object_component_ref idref="oc-41"/>
      </symbol>
      <symbol id="sm-331">
         <name>__aeabi_memcpy4</name>
         <value>0x200080a1</value>
         <object_component_ref idref="oc-41"/>
      </symbol>
      <symbol id="sm-341">
         <name>memmove</name>
         <value>0x20008ce5</value>
         <object_component_ref idref="oc-275"/>
      </symbol>
      <symbol id="sm-3b8">
         <name>_sys_memory</name>
         <value>0x2001d000</value>
         <object_component_ref idref="oc-2a"/>
      </symbol>
      <symbol id="sm-3b9">
         <name>free</name>
         <value>0x20006e73</value>
         <object_component_ref idref="oc-27b"/>
      </symbol>
      <symbol id="sm-3ba">
         <name>realloc</name>
         <value>0x20006f33</value>
         <object_component_ref idref="oc-27b"/>
      </symbol>
      <symbol id="sm-3bb">
         <name>memalign</name>
         <value>0x2000703d</value>
         <object_component_ref idref="oc-27b"/>
      </symbol>
      <symbol id="sm-3bc">
         <name>calloc</name>
         <value>0x20007129</value>
         <object_component_ref idref="oc-27b"/>
      </symbol>
      <symbol id="sm-3bd">
         <name>malloc</name>
         <value>0x20006e09</value>
         <object_component_ref idref="oc-27b"/>
      </symbol>
      <symbol id="sm-3be">
         <name>minit</name>
         <value>0x20006d89</value>
         <object_component_ref idref="oc-27b"/>
      </symbol>
      <symbol id="sm-3cd">
         <name>__aeabi_memset</name>
         <value>0x20008471</value>
         <object_component_ref idref="oc-4d"/>
      </symbol>
      <symbol id="sm-3ce">
         <name>memset</name>
         <value>0x20008477</value>
         <object_component_ref idref="oc-4d"/>
      </symbol>
      <symbol id="sm-3cf">
         <name>__aeabi_memset8</name>
         <value>0x20008471</value>
         <object_component_ref idref="oc-4d"/>
      </symbol>
      <symbol id="sm-3d0">
         <name>__aeabi_memset4</name>
         <value>0x20008471</value>
         <object_component_ref idref="oc-4d"/>
      </symbol>
      <symbol id="sm-3d1">
         <name>__aeabi_memclr8</name>
         <value>0x2000846f</value>
         <object_component_ref idref="oc-4d"/>
      </symbol>
      <symbol id="sm-3d2">
         <name>__aeabi_memclr4</name>
         <value>0x2000846f</value>
         <object_component_ref idref="oc-4d"/>
      </symbol>
      <symbol id="sm-3d3">
         <name>__aeabi_memclr</name>
         <value>0x2000846f</value>
         <object_component_ref idref="oc-4d"/>
      </symbol>
      <symbol id="sm-3dd">
         <name>__mpu_init</name>
         <value>0x20006d87</value>
         <object_component_ref idref="oc-59"/>
      </symbol>
      <symbol id="sm-3e7">
         <name>_system_pre_init</name>
         <value>0x200091bd</value>
         <object_component_ref idref="oc-5f"/>
      </symbol>
      <symbol id="sm-3ef">
         <name>main_func_sp</name>
         <value>0x2001ded4</value>
         <object_component_ref idref="oc-77"/>
      </symbol>
      <symbol id="sm-3fd">
         <name>strlen</name>
         <value>0x20009145</value>
         <object_component_ref idref="oc-26f"/>
      </symbol>
      <symbol id="sm-41e">
         <name>vsnprintf</name>
         <value>0x20008259</value>
         <object_component_ref idref="oc-25d"/>
      </symbol>
      <symbol id="sm-437">
         <name>_nop</name>
         <value>0x2000913f</value>
         <object_component_ref idref="oc-1d6"/>
      </symbol>
      <symbol id="sm-438">
         <name>_lock</name>
         <value>0x2001dec0</value>
         <object_component_ref idref="oc-b3"/>
      </symbol>
      <symbol id="sm-439">
         <name>_unlock</name>
         <value>0x2001dec4</value>
         <object_component_ref idref="oc-b3"/>
      </symbol>
      <symbol id="sm-43a">
         <name>_register_lock</name>
         <value>0x20009137</value>
         <object_component_ref idref="oc-1d6"/>
      </symbol>
      <symbol id="sm-43b">
         <name>_register_unlock</name>
         <value>0x20009131</value>
         <object_component_ref idref="oc-1d6"/>
      </symbol>
      <symbol id="sm-53c">
         <name>__TI_printfi</name>
         <value>0x20004c39</value>
         <object_component_ref idref="oc-341"/>
      </symbol>
      <symbol id="sm-550">
         <name>_args_main</name>
         <value>0x20009059</value>
         <object_component_ref idref="oc-6b"/>
      </symbol>
      <symbol id="sm-566">
         <name>atoi</name>
         <value>0x200088c1</value>
         <object_component_ref idref="oc-3df"/>
      </symbol>
      <symbol id="sm-590">
         <name>__TI_auto_init</name>
         <value>0x200085d1</value>
         <object_component_ref idref="oc-65"/>
      </symbol>
      <symbol id="sm-5aa">
         <name>copy_in</name>
         <value>0x2000890d</value>
         <object_component_ref idref="oc-9a"/>
      </symbol>
      <symbol id="sm-5b5">
         <name>_ctypes_</name>
         <value>0x200096bb</value>
         <object_component_ref idref="oc-426"/>
      </symbol>
      <symbol id="sm-5cc">
         <name>__aeabi_dsub</name>
         <value>0x200075cd</value>
         <object_component_ref idref="oc-3c8"/>
      </symbol>
      <symbol id="sm-5cd">
         <name>__aeabi_dadd</name>
         <value>0x200075d7</value>
         <object_component_ref idref="oc-3c8"/>
      </symbol>
      <symbol id="sm-5ef">
         <name>__aeabi_cdcmpeq</name>
         <value>0x200082e1</value>
         <object_component_ref idref="oc-3a4"/>
      </symbol>
      <symbol id="sm-5f0">
         <name>__aeabi_cdcmple</name>
         <value>0x200082e1</value>
         <object_component_ref idref="oc-3a4"/>
      </symbol>
      <symbol id="sm-5f1">
         <name>__aeabi_cdrcmple</name>
         <value>0x20008367</value>
         <object_component_ref idref="oc-3b3"/>
      </symbol>
      <symbol id="sm-605">
         <name>__aeabi_ddiv</name>
         <value>0x20007a95</value>
         <object_component_ref idref="oc-3ae"/>
      </symbol>
      <symbol id="sm-610">
         <name>__aeabi_dmul</name>
         <value>0x20007ce5</value>
         <object_component_ref idref="oc-3a9"/>
      </symbol>
      <symbol id="sm-61a">
         <name>__aeabi_d2iz</name>
         <value>0x200089a1</value>
         <object_component_ref idref="oc-3b8"/>
      </symbol>
      <symbol id="sm-624">
         <name>__aeabi_i2d</name>
         <value>0x20008bc5</value>
         <object_component_ref idref="oc-3c3"/>
      </symbol>
      <symbol id="sm-633">
         <name>ltoa</name>
         <value>0x2000886d</value>
         <object_component_ref idref="oc-3bd"/>
      </symbol>
      <symbol id="sm-643">
         <name>memccpy</name>
         <value>0x20008ef9</value>
         <object_component_ref idref="oc-3e5"/>
      </symbol>
      <symbol id="sm-65e">
         <name>frexpl</name>
         <value>0x20008711</value>
         <object_component_ref idref="oc-3cd"/>
      </symbol>
      <symbol id="sm-65f">
         <name>frexp</name>
         <value>0x20008711</value>
         <object_component_ref idref="oc-3cd"/>
      </symbol>
      <symbol id="sm-67d">
         <name>scalbn</name>
         <value>0x20007de1</value>
         <object_component_ref idref="oc-3d3"/>
      </symbol>
      <symbol id="sm-67e">
         <name>scalbnl</name>
         <value>0x20007de1</value>
         <object_component_ref idref="oc-3d3"/>
      </symbol>
      <symbol id="sm-67f">
         <name>ldexpl</name>
         <value>0x20007de1</value>
         <object_component_ref idref="oc-3d3"/>
      </symbol>
      <symbol id="sm-680">
         <name>ldexp</name>
         <value>0x20007de1</value>
         <object_component_ref idref="oc-3d3"/>
      </symbol>
      <symbol id="sm-68a">
         <name>_system_post_cinit</name>
         <value>0x20007783</value>
         <object_component_ref idref="oc-a0"/>
      </symbol>
      <symbol id="sm-69a">
         <name>strchr</name>
         <value>0x200090df</value>
         <object_component_ref idref="oc-3d9"/>
      </symbol>
      <symbol id="sm-6b6">
         <name>__aeabi_uldivmod</name>
         <value>0x200073d9</value>
         <object_component_ref idref="oc-39f"/>
      </symbol>
      <symbol id="sm-6be">
         <name>errno</name>
         <value>0x2001ded0</value>
         <object_component_ref idref="oc-41f"/>
      </symbol>
      <symbol id="sm-6c8">
         <name>copysign</name>
         <value>0x200091af</value>
         <object_component_ref idref="oc-419"/>
      </symbol>
      <symbol id="sm-6c9">
         <name>copysignl</name>
         <value>0x200091af</value>
         <object_component_ref idref="oc-419"/>
      </symbol>
      <symbol id="sm-729">
         <name>GPIOIntRegister</name>
         <value>0x20008dd1</value>
         <object_component_ref idref="oc-1a8"/>
      </symbol>
      <symbol id="sm-72a">
         <name>GPIOIntDisable</name>
         <value>0x20008f15</value>
         <object_component_ref idref="oc-1c2"/>
      </symbol>
      <symbol id="sm-72b">
         <name>GPIOIntEnable</name>
         <value>0x20008f2f</value>
         <object_component_ref idref="oc-1b4"/>
      </symbol>
      <symbol id="sm-72c">
         <name>GPIOIntTypeSet</name>
         <value>0x200083ed</value>
         <object_component_ref idref="oc-1ae"/>
      </symbol>
      <symbol id="sm-72d">
         <name>GPIOIntClear</name>
         <value>0x20009109</value>
         <object_component_ref idref="oc-ea"/>
      </symbol>
      <symbol id="sm-72e">
         <name>GPIOIntStatus</name>
         <value>0x20008d09</value>
         <object_component_ref idref="oc-e4"/>
      </symbol>
      <symbol id="sm-72f">
         <name>GPIODirModeSet</name>
         <value>0x20008b2d</value>
         <object_component_ref idref="oc-2d7"/>
      </symbol>
      <symbol id="sm-730">
         <name>GPIOPinWrite</name>
         <value>0x20008d6f</value>
         <object_component_ref idref="oc-2ea"/>
      </symbol>
      <symbol id="sm-7a8">
         <name>IntPrioritySet</name>
         <value>0x200087c5</value>
         <object_component_ref idref="oc-235"/>
      </symbol>
      <symbol id="sm-7a9">
         <name>IntVTableBaseSet</name>
         <value>0x2000911d</value>
         <object_component_ref idref="oc-f6"/>
      </symbol>
      <symbol id="sm-7aa">
         <name>IntEnable</name>
         <value>0x20007f59</value>
         <object_component_ref idref="oc-102"/>
      </symbol>
      <symbol id="sm-7ab">
         <name>IntDisable</name>
         <value>0x20007eb1</value>
         <object_component_ref idref="oc-331"/>
      </symbol>
      <symbol id="sm-7ac">
         <name>IntRegister</name>
         <value>0x20008d91</value>
         <object_component_ref idref="oc-2c2"/>
      </symbol>
      <symbol id="sm-7ad">
         <name>IntUnregister</name>
         <value>0x20008c9d</value>
         <object_component_ref idref="oc-337"/>
      </symbol>
      <symbol id="sm-7ae">
         <name>IntMasterEnable</name>
         <value>0x200091a5</value>
         <object_component_ref idref="oc-fc"/>
      </symbol>
      <symbol id="sm-7ed">
         <name>PinTypeUART</name>
         <value>0x20008f63</value>
         <object_component_ref idref="oc-2e3"/>
      </symbol>
      <symbol id="sm-7ee">
         <name>PinTypeGPIO</name>
         <value>0x20008b63</value>
         <object_component_ref idref="oc-2d1"/>
      </symbol>
      <symbol id="sm-7ef">
         <name>PinConfigSet</name>
         <value>0x200081d1</value>
         <object_component_ref idref="oc-373"/>
      </symbol>
      <symbol id="sm-7f0">
         <name>PinTypeSPI</name>
         <value>0x20008f49</value>
         <object_component_ref idref="oc-2dd"/>
      </symbol>
      <symbol id="sm-7f1">
         <name>PinModeSet</name>
         <value>0x20008a71</value>
         <object_component_ref idref="oc-2cb"/>
      </symbol>
      <symbol id="sm-877">
         <name>PRCMPeripheralReset</name>
         <value>0x2000876d</value>
         <object_component_ref idref="oc-21c"/>
      </symbol>
      <symbol id="sm-878">
         <name>PRCMPeripheralClkEnable</name>
         <value>0x20008af1</value>
         <object_component_ref idref="oc-216"/>
      </symbol>
      <symbol id="sm-879">
         <name>PRCMPeripheralClockGet</name>
         <value>0x2000813d</value>
         <object_component_ref idref="oc-16a"/>
      </symbol>
      <symbol id="sm-87a">
         <name>PRCMCC3200MCUInit</name>
         <value>0x2000791d</value>
         <object_component_ref idref="oc-108"/>
      </symbol>
      <symbol id="sm-87b">
         <name>PRCMHIBRegWrite</name>
         <value>0x20009087</value>
         <object_component_ref idref="oc-210"/>
      </symbol>
      <symbol id="sm-87c">
         <name>PRCMSysResetCauseGet</name>
         <value>0x20008bf5</value>
         <object_component_ref idref="oc-204"/>
      </symbol>
      <symbol id="sm-87d">
         <name>PRCMPeripheralClkDisable</name>
         <value>0x20008c75</value>
         <object_component_ref idref="oc-222"/>
      </symbol>
      <symbol id="sm-87e">
         <name>PRCMHIBRegRead</name>
         <value>0x20009071</value>
         <object_component_ref idref="oc-20a"/>
      </symbol>
      <symbol id="sm-8cb">
         <name>SPICSEnable</name>
         <value>0x20008faf</value>
         <object_component_ref idref="oc-2f0"/>
      </symbol>
      <symbol id="sm-8cc">
         <name>SPIFIFOEnable</name>
         <value>0x20008f7d</value>
         <object_component_ref idref="oc-164"/>
      </symbol>
      <symbol id="sm-8cd">
         <name>SPIDataPut</name>
         <value>0x20008def</value>
         <object_component_ref idref="oc-2f6"/>
      </symbol>
      <symbol id="sm-8ce">
         <name>SPIEnable</name>
         <value>0x20008fc7</value>
         <object_component_ref idref="oc-176"/>
      </symbol>
      <symbol id="sm-8cf">
         <name>SPIDataGet</name>
         <value>0x20008db1</value>
         <object_component_ref idref="oc-2fc"/>
      </symbol>
      <symbol id="sm-8d0">
         <name>SPIConfigSetExpClk</name>
         <value>0x20008001</value>
         <object_component_ref idref="oc-170"/>
      </symbol>
      <symbol id="sm-8d1">
         <name>SPIReset</name>
         <value>0x20008d2b</value>
         <object_component_ref idref="oc-15e"/>
      </symbol>
      <symbol id="sm-8d2">
         <name>SPICSDisable</name>
         <value>0x20008f97</value>
         <object_component_ref idref="oc-302"/>
      </symbol>
      <symbol id="sm-960">
         <name>TimerLoadSet</name>
         <value>0x20008c21</value>
         <object_component_ref idref="oc-114"/>
      </symbol>
      <symbol id="sm-961">
         <name>TimerDisable</name>
         <value>0x20008e0d</value>
         <object_component_ref idref="oc-f0"/>
      </symbol>
      <symbol id="sm-962">
         <name>TimerValueSet</name>
         <value>0x20008d4d</value>
         <object_component_ref idref="oc-1ba"/>
      </symbol>
      <symbol id="sm-963">
         <name>TimerIntRegister</name>
         <value>0x20008561</value>
         <object_component_ref idref="oc-23b"/>
      </symbol>
      <symbol id="sm-964">
         <name>TimerEnable</name>
         <value>0x20008e2b</value>
         <object_component_ref idref="oc-11a"/>
      </symbol>
      <symbol id="sm-965">
         <name>TimerIntUnregister</name>
         <value>0x20008641</value>
         <object_component_ref idref="oc-24d"/>
      </symbol>
      <symbol id="sm-966">
         <name>TimerIntStatus</name>
         <value>0x20008e49</value>
         <object_component_ref idref="oc-d8"/>
      </symbol>
      <symbol id="sm-967">
         <name>TimerIntDisable</name>
         <value>0x20008fdf</value>
         <object_component_ref idref="oc-247"/>
      </symbol>
      <symbol id="sm-968">
         <name>TimerValueGet</name>
         <value>0x20008ec1</value>
         <object_component_ref idref="oc-253"/>
      </symbol>
      <symbol id="sm-969">
         <name>TimerPrescaleSet</name>
         <value>0x20008c4b</value>
         <object_component_ref idref="oc-22f"/>
      </symbol>
      <symbol id="sm-96a">
         <name>TimerIntEnable</name>
         <value>0x20008ff7</value>
         <object_component_ref idref="oc-241"/>
      </symbol>
      <symbol id="sm-96b">
         <name>TimerConfigure</name>
         <value>0x200089e9</value>
         <object_component_ref idref="oc-229"/>
      </symbol>
      <symbol id="sm-96c">
         <name>TimerIntClear</name>
         <value>0x20009159</value>
         <object_component_ref idref="oc-de"/>
      </symbol>
      <symbol id="sm-a05">
         <name>UARTFIFODisable</name>
         <value>0x200090b3</value>
         <object_component_ref idref="oc-189"/>
      </symbol>
      <symbol id="sm-a06">
         <name>UARTConfigSetExpClk</name>
         <value>0x200084e9</value>
         <object_component_ref idref="oc-17d"/>
      </symbol>
      <symbol id="sm-a07">
         <name>UARTDisable</name>
         <value>0x20008b95</value>
         <object_component_ref idref="oc-2b3"/>
      </symbol>
      <symbol id="sm-a08">
         <name>UARTIntEnable</name>
         <value>0x2000903f</value>
         <object_component_ref idref="oc-13d"/>
      </symbol>
      <symbol id="sm-a09">
         <name>UARTCharsAvail</name>
         <value>0x2000900f</value>
         <object_component_ref idref="oc-263"/>
      </symbol>
      <symbol id="sm-a0a">
         <name>UARTCharGetNonBlocking</name>
         <value>0x20008edd</value>
         <object_component_ref idref="oc-269"/>
      </symbol>
      <symbol id="sm-a0b">
         <name>UARTIntDisable</name>
         <value>0x20009027</value>
         <object_component_ref idref="oc-130"/>
      </symbol>
      <symbol id="sm-a0c">
         <name>UARTCharPut</name>
         <value>0x20008e67</value>
         <object_component_ref idref="oc-136"/>
      </symbol>
      <symbol id="sm-a0d">
         <name>UARTEnable</name>
         <value>0x20008cc1</value>
         <object_component_ref idref="oc-183"/>
      </symbol>
      <symbol id="sm-a0e">
         <name>UARTFIFOEnable</name>
         <value>0x200090c9</value>
         <object_component_ref idref="oc-195"/>
      </symbol>
      <symbol id="sm-a0f">
         <name>UARTIntClear</name>
         <value>0x2000916b</value>
         <object_component_ref idref="oc-150"/>
      </symbol>
      <symbol id="sm-a10">
         <name>UARTIntStatus</name>
         <value>0x20008ea3</value>
         <object_component_ref idref="oc-14a"/>
      </symbol>
      <symbol id="sm-a11">
         <name>UARTCharGet</name>
         <value>0x2000909d</value>
         <object_component_ref idref="oc-156"/>
      </symbol>
      <symbol id="sm-a12">
         <name>UARTIntRegister</name>
         <value>0x20008e85</value>
         <object_component_ref idref="oc-18f"/>
      </symbol>
      <symbol id="sm-a16">
         <name>UtilsDelay</name>
         <value>0x200091b7</value>
         <object_component_ref idref="oc-13c"/>
      </symbol>
      <symbol id="sm-a20">
         <name>CPUcpsie</name>
         <value>0x200090f5</value>
         <object_component_ref idref="oc-1f9"/>
      </symbol>
      <symbol id="sm-a22">
         <name>__TI_static_base__</name>
         <value>0x20009ac8</value>
      </symbol>
      <symbol id="sm-a25">
         <name>SHT$$INIT_ARRAY$$Limit</name>
         <value>0x0</value>
      </symbol>
      <symbol id="sm-a26">
         <name>SHT$$INIT_ARRAY$$Base</name>
         <value>0x0</value>
      </symbol>
   </symbol_table>
   <title>Link successful</title>
</link_info>
